Archive member included to satisfy reference by file (symbol)

/opt/st/stm32cubeide_1.1.0/plugins/com.st.stm32cube.ide.mcu.externaltools.gnu-tools-for-stm32.7-2018-q2-update.linux64_1.0.0.201904181610/tools/bin/../lib/gcc/arm-none-eabi/7.3.1/../../../../arm-none-eabi/lib/thumb/v7e-m/fpv4-sp/hard/libc_nano.a(lib_a-errno.o)
                              Core/Src/syscalls.o (__errno)
/opt/st/stm32cubeide_1.1.0/plugins/com.st.stm32cube.ide.mcu.externaltools.gnu-tools-for-stm32.7-2018-q2-update.linux64_1.0.0.201904181610/tools/bin/../lib/gcc/arm-none-eabi/7.3.1/../../../../arm-none-eabi/lib/thumb/v7e-m/fpv4-sp/hard/libc_nano.a(lib_a-exit.o)
                              /opt/st/stm32cubeide_1.1.0/plugins/com.st.stm32cube.ide.mcu.externaltools.gnu-tools-for-stm32.7-2018-q2-update.linux64_1.0.0.201904181610/tools/bin/../lib/gcc/arm-none-eabi/7.3.1/../../../../arm-none-eabi/lib/thumb/v7e-m/fpv4-sp/hard/crt0.o (exit)
/opt/st/stm32cubeide_1.1.0/plugins/com.st.stm32cube.ide.mcu.externaltools.gnu-tools-for-stm32.7-2018-q2-update.linux64_1.0.0.201904181610/tools/bin/../lib/gcc/arm-none-eabi/7.3.1/../../../../arm-none-eabi/lib/thumb/v7e-m/fpv4-sp/hard/libc_nano.a(lib_a-impure.o)
                              /opt/st/stm32cubeide_1.1.0/plugins/com.st.stm32cube.ide.mcu.externaltools.gnu-tools-for-stm32.7-2018-q2-update.linux64_1.0.0.201904181610/tools/bin/../lib/gcc/arm-none-eabi/7.3.1/../../../../arm-none-eabi/lib/thumb/v7e-m/fpv4-sp/hard/libc_nano.a(lib_a-exit.o) (_global_impure_ptr)
/opt/st/stm32cubeide_1.1.0/plugins/com.st.stm32cube.ide.mcu.externaltools.gnu-tools-for-stm32.7-2018-q2-update.linux64_1.0.0.201904181610/tools/bin/../lib/gcc/arm-none-eabi/7.3.1/../../../../arm-none-eabi/lib/thumb/v7e-m/fpv4-sp/hard/libc_nano.a(lib_a-init.o)
                              /opt/st/stm32cubeide_1.1.0/plugins/com.st.stm32cube.ide.mcu.externaltools.gnu-tools-for-stm32.7-2018-q2-update.linux64_1.0.0.201904181610/tools/bin/../lib/gcc/arm-none-eabi/7.3.1/../../../../arm-none-eabi/lib/thumb/v7e-m/fpv4-sp/hard/crt0.o (__libc_init_array)
/opt/st/stm32cubeide_1.1.0/plugins/com.st.stm32cube.ide.mcu.externaltools.gnu-tools-for-stm32.7-2018-q2-update.linux64_1.0.0.201904181610/tools/bin/../lib/gcc/arm-none-eabi/7.3.1/../../../../arm-none-eabi/lib/thumb/v7e-m/fpv4-sp/hard/libc_nano.a(lib_a-memset.o)
                              /opt/st/stm32cubeide_1.1.0/plugins/com.st.stm32cube.ide.mcu.externaltools.gnu-tools-for-stm32.7-2018-q2-update.linux64_1.0.0.201904181610/tools/bin/../lib/gcc/arm-none-eabi/7.3.1/../../../../arm-none-eabi/lib/thumb/v7e-m/fpv4-sp/hard/crt0.o (memset)
/opt/st/stm32cubeide_1.1.0/plugins/com.st.stm32cube.ide.mcu.externaltools.gnu-tools-for-stm32.7-2018-q2-update.linux64_1.0.0.201904181610/tools/bin/../lib/gcc/arm-none-eabi/7.3.1/thumb/v7e-m/fpv4-sp/hard/libgcc.a(_arm_addsubdf3.o)
                              Core/Src/voice.o (__aeabi_dsub)
/opt/st/stm32cubeide_1.1.0/plugins/com.st.stm32cube.ide.mcu.externaltools.gnu-tools-for-stm32.7-2018-q2-update.linux64_1.0.0.201904181610/tools/bin/../lib/gcc/arm-none-eabi/7.3.1/thumb/v7e-m/fpv4-sp/hard/libgcc.a(_arm_muldivdf3.o)
                              Core/Src/stm32f3xx_it.o (__aeabi_dmul)
/opt/st/stm32cubeide_1.1.0/plugins/com.st.stm32cube.ide.mcu.externaltools.gnu-tools-for-stm32.7-2018-q2-update.linux64_1.0.0.201904181610/tools/bin/../lib/gcc/arm-none-eabi/7.3.1/thumb/v7e-m/fpv4-sp/hard/libgcc.a(_arm_cmpdf2.o)
                              Core/Src/voice.o (__aeabi_dcmplt)
/opt/st/stm32cubeide_1.1.0/plugins/com.st.stm32cube.ide.mcu.externaltools.gnu-tools-for-stm32.7-2018-q2-update.linux64_1.0.0.201904181610/tools/bin/../lib/gcc/arm-none-eabi/7.3.1/thumb/v7e-m/fpv4-sp/hard/libgcc.a(_arm_fixdfsi.o)
                              Core/Src/stm32f3xx_it.o (__aeabi_d2iz)
/opt/st/stm32cubeide_1.1.0/plugins/com.st.stm32cube.ide.mcu.externaltools.gnu-tools-for-stm32.7-2018-q2-update.linux64_1.0.0.201904181610/tools/bin/../lib/gcc/arm-none-eabi/7.3.1/thumb/v7e-m/fpv4-sp/hard/libgcc.a(_arm_truncdfsf2.o)
                              Core/Src/voice.o (__aeabi_d2f)

Allocating common symbols
Common symbol       size              file

Rx_data             0x1               Core/Src/main.o
uwTick              0x4               Drivers/STM32F3xx_HAL_Driver/Src/stm32f3xx_hal.o
pFlash              0x20              Drivers/STM32F3xx_HAL_Driver/Src/stm32f3xx_hal_flash.o
huart1              0x80              Core/Src/main.o
hdac                0x14              Core/Src/main.o
voices              0x140             Core/Src/main.o
midiNoteTable       0x4               Core/Src/main.o
htim2               0x40              Core/Src/main.o

Discarded input sections

 .text          0x0000000000000000        0x0 /opt/st/stm32cubeide_1.1.0/plugins/com.st.stm32cube.ide.mcu.externaltools.gnu-tools-for-stm32.7-2018-q2-update.linux64_1.0.0.201904181610/tools/bin/../lib/gcc/arm-none-eabi/7.3.1/thumb/v7e-m/fpv4-sp/hard/crti.o
[...]
Memory Configuration

Name             Origin             Length             Attributes
RAM              0x0000000020000000 0x0000000000004000 xrw
FLASH            0x0000000008000000 0x0000000000010000 xr
*default*        0x0000000000000000 0xffffffffffffffff

Linker script and memory map

LOAD /opt/st/stm32cubeide_1.1.0/plugins/com.st.stm32cube.ide.mcu.externaltools.gnu-tools-for-stm32.7-2018-q2-update.linux64_1.0.0.201904181610/tools/bin/../lib/gcc/arm-none-eabi/7.3.1/thumb/v7e-m/fpv4-sp/hard/crti.o
LOAD /opt/st/stm32cubeide_1.1.0/plugins/com.st.stm32cube.ide.mcu.externaltools.gnu-tools-for-stm32.7-2018-q2-update.linux64_1.0.0.201904181610/tools/bin/../lib/gcc/arm-none-eabi/7.3.1/thumb/v7e-m/fpv4-sp/hard/crtbegin.o
LOAD /opt/st/stm32cubeide_1.1.0/plugins/com.st.stm32cube.ide.mcu.externaltools.gnu-tools-for-stm32.7-2018-q2-update.linux64_1.0.0.201904181610/tools/bin/../lib/gcc/arm-none-eabi/7.3.1/../../../../arm-none-eabi/lib/thumb/v7e-m/fpv4-sp/hard/crt0.o
LOAD Core/Src/main.o
LOAD Core/Src/midi.o
LOAD Core/Src/midi_callbacks.o
LOAD Core/Src/poly_channel.o
LOAD Core/Src/stm32f3xx_hal_msp.o
LOAD Core/Src/stm32f3xx_it.o
LOAD Core/Src/syscalls.o
LOAD Core/Src/sysmem.o
LOAD Core/Src/system_stm32f3xx.o
LOAD Core/Src/voice.o
LOAD Core/Startup/startup_stm32f302r8tx.o
LOAD Drivers/STM32F3xx_HAL_Driver/Src/stm32f3xx_hal.o
LOAD Drivers/STM32F3xx_HAL_Driver/Src/stm32f3xx_hal_cortex.o
LOAD Drivers/STM32F3xx_HAL_Driver/Src/stm32f3xx_hal_dac.o
LOAD Drivers/STM32F3xx_HAL_Driver/Src/stm32f3xx_hal_dac_ex.o
LOAD Drivers/STM32F3xx_HAL_Driver/Src/stm32f3xx_hal_dma.o
LOAD Drivers/STM32F3xx_HAL_Driver/Src/stm32f3xx_hal_exti.o
LOAD Drivers/STM32F3xx_HAL_Driver/Src/stm32f3xx_hal_flash.o
LOAD Drivers/STM32F3xx_HAL_Driver/Src/stm32f3xx_hal_flash_ex.o
LOAD Drivers/STM32F3xx_HAL_Driver/Src/stm32f3xx_hal_gpio.o
LOAD Drivers/STM32F3xx_HAL_Driver/Src/stm32f3xx_hal_i2c.o
LOAD Drivers/STM32F3xx_HAL_Driver/Src/stm32f3xx_hal_i2c_ex.o
LOAD Drivers/STM32F3xx_HAL_Driver/Src/stm32f3xx_hal_pwr.o
LOAD Drivers/STM32F3xx_HAL_Driver/Src/stm32f3xx_hal_pwr_ex.o
LOAD Drivers/STM32F3xx_HAL_Driver/Src/stm32f3xx_hal_rcc.o
LOAD Drivers/STM32F3xx_HAL_Driver/Src/stm32f3xx_hal_rcc_ex.o
LOAD Drivers/STM32F3xx_HAL_Driver/Src/stm32f3xx_hal_tim.o
LOAD Drivers/STM32F3xx_HAL_Driver/Src/stm32f3xx_hal_tim_ex.o
LOAD Drivers/STM32F3xx_HAL_Driver/Src/stm32f3xx_hal_uart.o
LOAD Drivers/STM32F3xx_HAL_Driver/Src/stm32f3xx_hal_uart_ex.o
START GROUP
LOAD /opt/st/stm32cubeide_1.1.0/plugins/com.st.stm32cube.ide.mcu.externaltools.gnu-tools-for-stm32.7-2018-q2-update.linux64_1.0.0.201904181610/tools/bin/../lib/gcc/arm-none-eabi/7.3.1/../../../../arm-none-eabi/lib/thumb/v7e-m/fpv4-sp/hard/libc_nano.a
LOAD /opt/st/stm32cubeide_1.1.0/plugins/com.st.stm32cube.ide.mcu.externaltools.gnu-tools-for-stm32.7-2018-q2-update.linux64_1.0.0.201904181610/tools/bin/../lib/gcc/arm-none-eabi/7.3.1/../../../../arm-none-eabi/lib/thumb/v7e-m/fpv4-sp/hard/libm.a
END GROUP
START GROUP
LOAD /opt/st/stm32cubeide_1.1.0/plugins/com.st.stm32cube.ide.mcu.externaltools.gnu-tools-for-stm32.7-2018-q2-update.linux64_1.0.0.201904181610/tools/bin/../lib/gcc/arm-none-eabi/7.3.1/thumb/v7e-m/fpv4-sp/hard/libgcc.a
LOAD /opt/st/stm32cubeide_1.1.0/plugins/com.st.stm32cube.ide.mcu.externaltools.gnu-tools-for-stm32.7-2018-q2-update.linux64_1.0.0.201904181610/tools/bin/../lib/gcc/arm-none-eabi/7.3.1/../../../../arm-none-eabi/lib/thumb/v7e-m/fpv4-sp/hard/libc_nano.a
END GROUP
START GROUP
LOAD /opt/st/stm32cubeide_1.1.0/plugins/com.st.stm32cube.ide.mcu.externaltools.gnu-tools-for-stm32.7-2018-q2-update.linux64_1.0.0.201904181610/tools/bin/../lib/gcc/arm-none-eabi/7.3.1/thumb/v7e-m/fpv4-sp/hard/libgcc.a
LOAD /opt/st/stm32cubeide_1.1.0/plugins/com.st.stm32cube.ide.mcu.externaltools.gnu-tools-for-stm32.7-2018-q2-update.linux64_1.0.0.201904181610/tools/bin/../lib/gcc/arm-none-eabi/7.3.1/../../../../arm-none-eabi/lib/thumb/v7e-m/fpv4-sp/hard/libc_nano.a
LOAD /opt/st/stm32cubeide_1.1.0/plugins/com.st.stm32cube.ide.mcu.externaltools.gnu-tools-for-stm32.7-2018-q2-update.linux64_1.0.0.201904181610/tools/bin/../lib/gcc/arm-none-eabi/7.3.1/../../../../arm-none-eabi/lib/thumb/v7e-m/fpv4-sp/hard/libnosys.a
END GROUP
START GROUP
LOAD /opt/st/stm32cubeide_1.1.0/plugins/com.st.stm32cube.ide.mcu.externaltools.gnu-tools-for-stm32.7-2018-q2-update.linux64_1.0.0.201904181610/tools/bin/../lib/gcc/arm-none-eabi/7.3.1/thumb/v7e-m/fpv4-sp/hard/libgcc.a
LOAD /opt/st/stm32cubeide_1.1.0/plugins/com.st.stm32cube.ide.mcu.externaltools.gnu-tools-for-stm32.7-2018-q2-update.linux64_1.0.0.201904181610/tools/bin/../lib/gcc/arm-none-eabi/7.3.1/../../../../arm-none-eabi/lib/thumb/v7e-m/fpv4-sp/hard/libc_nano.a
LOAD /opt/st/stm32cubeide_1.1.0/plugins/com.st.stm32cube.ide.mcu.externaltools.gnu-tools-for-stm32.7-2018-q2-update.linux64_1.0.0.201904181610/tools/bin/../lib/gcc/arm-none-eabi/7.3.1/../../../../arm-none-eabi/lib/thumb/v7e-m/fpv4-sp/hard/libnosys.a
END GROUP
LOAD /opt/st/stm32cubeide_1.1.0/plugins/com.st.stm32cube.ide.mcu.externaltools.gnu-tools-for-stm32.7-2018-q2-update.linux64_1.0.0.201904181610/tools/bin/../lib/gcc/arm-none-eabi/7.3.1/thumb/v7e-m/fpv4-sp/hard/crtend.o
LOAD /opt/st/stm32cubeide_1.1.0/plugins/com.st.stm32cube.ide.mcu.externaltools.gnu-tools-for-stm32.7-2018-q2-update.linux64_1.0.0.201904181610/tools/bin/../lib/gcc/arm-none-eabi/7.3.1/thumb/v7e-m/fpv4-sp/hard/crtn.o
                0x0000000020004000                _estack = (ORIGIN (RAM) + LENGTH (RAM))
                0x0000000000000200                _Min_Heap_Size = 0x200
                0x0000000000000400                _Min_Stack_Size = 0x400

.isr_vector     0x0000000008000000      0x188
                0x0000000008000000                . = ALIGN (0x4)
 *(.isr_vector)
 .isr_vector    0x0000000008000000      0x188 Core/Startup/startup_stm32f302r8tx.o
                0x0000000008000000                g_pfnVectors
                0x0000000008000188                . = ALIGN (0x4)

.text           0x0000000008000188     0x4a1c
                0x0000000008000188                . = ALIGN (0x4)
 *(.text)
 .text          0x0000000008000188       0x40 /opt/st/stm32cubeide_1.1.0/plugins/com.st.stm32cube.ide.mcu.externaltools.gnu-tools-for-stm32.7-2018-q2-update.linux64_1.0.0.201904181610/tools/bin/../lib/gcc/arm-none-eabi/7.3.1/thumb/v7e-m/fpv4-sp/hard/crtbegin.o
 .text          0x00000000080001c8      0x378 /opt/st/stm32cubeide_1.1.0/plugins/com.st.stm32cube.ide.mcu.externaltools.gnu-tools-for-stm32.7-2018-q2-update.linux64_1.0.0.201904181610/tools/bin/../lib/gcc/arm-none-eabi/7.3.1/thumb/v7e-m/fpv4-sp/hard/libgcc.a(_arm_addsubdf3.o)
                0x00000000080001c8                __aeabi_drsub
                0x00000000080001d0                __aeabi_dsub
                0x00000000080001d0                __subdf3
                0x00000000080001d4                __adddf3
                0x00000000080001d4                __aeabi_dadd
                0x000000000800044c                __aeabi_ui2d
                0x000000000800044c                __floatunsidf
                0x000000000800046c                __floatsidf
                0x000000000800046c                __aeabi_i2d
                0x0000000008000490                __extendsfdf2
                0x0000000008000490                __aeabi_f2d
                0x00000000080004d4                __aeabi_ul2d
                0x00000000080004d4                __floatundidf
                0x00000000080004e4                __floatdidf
                0x00000000080004e4                __aeabi_l2d
 .text          0x0000000008000540      0x424 /opt/st/stm32cubeide_1.1.0/plugins/com.st.stm32cube.ide.mcu.externaltools.gnu-tools-for-stm32.7-2018-q2-update.linux64_1.0.0.201904181610/tools/bin/../lib/gcc/arm-none-eabi/7.3.1/thumb/v7e-m/fpv4-sp/hard/libgcc.a(_arm_muldivdf3.o)
                0x0000000008000540                __aeabi_dmul
                0x0000000008000540                __muldf3
                0x0000000008000794                __aeabi_ddiv
                0x0000000008000794                __divdf3
 .text          0x0000000008000964      0x110 /opt/st/stm32cubeide_1.1.0/plugins/com.st.stm32cube.ide.mcu.externaltools.gnu-tools-for-stm32.7-2018-q2-update.linux64_1.0.0.201904181610/tools/bin/../lib/gcc/arm-none-eabi/7.3.1/thumb/v7e-m/fpv4-sp/hard/libgcc.a(_arm_cmpdf2.o)
                0x0000000008000964                __gtdf2
                0x0000000008000964                __gedf2
                0x000000000800096c                __ltdf2
                0x000000000800096c                __ledf2
                0x0000000008000974                __cmpdf2
                0x0000000008000974                __eqdf2
                0x0000000008000974                __nedf2
                0x00000000080009f0                __aeabi_cdrcmple
                0x0000000008000a00                __aeabi_cdcmple
                0x0000000008000a00                __aeabi_cdcmpeq
                0x0000000008000a10                __aeabi_dcmpeq
                0x0000000008000a24                __aeabi_dcmplt
                0x0000000008000a38                __aeabi_dcmple
                0x0000000008000a4c                __aeabi_dcmpge
                0x0000000008000a60                __aeabi_dcmpgt
 .text          0x0000000008000a74       0x50 /opt/st/stm32cubeide_1.1.0/plugins/com.st.stm32cube.ide.mcu.externaltools.gnu-tools-for-stm32.7-2018-q2-update.linux64_1.0.0.201904181610/tools/bin/../lib/gcc/arm-none-eabi/7.3.1/thumb/v7e-m/fpv4-sp/hard/libgcc.a(_arm_fixdfsi.o)
                0x0000000008000a74                __fixdfsi
                0x0000000008000a74                __aeabi_d2iz
 .text          0x0000000008000ac4       0xa0 /opt/st/stm32cubeide_1.1.0/plugins/com.st.stm32cube.ide.mcu.externaltools.gnu-tools-for-stm32.7-2018-q2-update.linux64_1.0.0.201904181610/tools/bin/../lib/gcc/arm-none-eabi/7.3.1/thumb/v7e-m/fpv4-sp/hard/libgcc.a(_arm_truncdfsf2.o)
                0x0000000008000ac4                __aeabi_d2f
                0x0000000008000ac4                __truncdfsf2
 *(.text*)
 .text.main     0x0000000008000b64       0x90 Core/Src/main.o
                0x0000000008000b64                main
 .text.SystemClock_Config
                0x0000000008000bf4       0xac Core/Src/main.o
                0x0000000008000bf4                SystemClock_Config
 .text.MX_DAC_Init
                0x0000000008000ca0       0x54 Core/Src/main.o
 .text.MX_TIM2_Init
                0x0000000008000cf4       0x9c Core/Src/main.o
 .text.MX_USART1_UART_Init
                0x0000000008000d90       0x60 Core/Src/main.o
 .text.MX_GPIO_Init
                0x0000000008000df0       0x98 Core/Src/main.o
 .text.HAL_UART_RxCpltCallback
                0x0000000008000e88       0x2c Core/Src/main.o
                0x0000000008000e88                HAL_UART_RxCpltCallback
 .text.Error_Handler
                0x0000000008000eb4        0xe Core/Src/main.o
                0x0000000008000eb4                Error_Handler
 .text.null_event_cb
                0x0000000008000ec2       0x1e Core/Src/midi.o
 .text.invoke_callback
                0x0000000008000ee0       0x60 Core/Src/midi.o
 .text.rx_status_sys_realtime_byte
                0x0000000008000f40       0x84 Core/Src/midi.o
 .text.rx_status_sys_common_byte
                0x0000000008000fc4       0x18 Core/Src/midi.o
 .text.rx_status_channel_byte
                0x0000000008000fdc       0xa0 Core/Src/midi.o
 .text.rx_data_byte
                0x000000000800107c      0x150 Core/Src/midi.o
 .text.midi_init
                0x00000000080011cc       0x38 Core/Src/midi.o
                0x00000000080011cc                midi_init
 .text.midi_register_event_handler
                0x0000000008001204       0x40 Core/Src/midi.o
                0x0000000008001204                midi_register_event_handler
 .text.midi_receive_byte
                0x0000000008001244       0x7c Core/Src/midi.o
                0x0000000008001244                midi_receive_byte
 .text.note_on  0x00000000080012c0       0x8c Core/Src/midi_callbacks.o
                0x00000000080012c0                note_on
 .text.note_off
                0x000000000800134c       0x84 Core/Src/midi_callbacks.o
                0x000000000800134c                note_off
 .text.HAL_MspInit
                0x00000000080013d0       0x48 Core/Src/stm32f3xx_hal_msp.o
                0x00000000080013d0                HAL_MspInit
 .text.HAL_DAC_MspInit
                0x0000000008001418       0x7c Core/Src/stm32f3xx_hal_msp.o
                0x0000000008001418                HAL_DAC_MspInit
 .text.HAL_TIM_Base_MspInit
                0x0000000008001494       0x48 Core/Src/stm32f3xx_hal_msp.o
                0x0000000008001494                HAL_TIM_Base_MspInit
 .text.HAL_UART_MspInit
                0x00000000080014dc       0x98 Core/Src/stm32f3xx_hal_msp.o
                0x00000000080014dc                HAL_UART_MspInit
 .text.NMI_Handler
                0x0000000008001574        0xe Core/Src/stm32f3xx_it.o
                0x0000000008001574                NMI_Handler
 .text.HardFault_Handler
                0x0000000008001582        0x6 Core/Src/stm32f3xx_it.o
                0x0000000008001582                HardFault_Handler
 .text.MemManage_Handler
                0x0000000008001588        0x6 Core/Src/stm32f3xx_it.o
                0x0000000008001588                MemManage_Handler
 .text.BusFault_Handler
                0x000000000800158e        0x6 Core/Src/stm32f3xx_it.o
                0x000000000800158e                BusFault_Handler
 .text.UsageFault_Handler
                0x0000000008001594        0x6 Core/Src/stm32f3xx_it.o
                0x0000000008001594                UsageFault_Handler
 .text.SVC_Handler
                0x000000000800159a        0xe Core/Src/stm32f3xx_it.o
                0x000000000800159a                SVC_Handler
 .text.DebugMon_Handler
                0x00000000080015a8        0xe Core/Src/stm32f3xx_it.o
                0x00000000080015a8                DebugMon_Handler
 .text.PendSV_Handler
                0x00000000080015b6        0xe Core/Src/stm32f3xx_it.o
                0x00000000080015b6                PendSV_Handler
 .text.SysTick_Handler
                0x00000000080015c4        0xc Core/Src/stm32f3xx_it.o
                0x00000000080015c4                SysTick_Handler
 .text.TIM2_IRQHandler
                0x00000000080015d0       0xe0 Core/Src/stm32f3xx_it.o
                0x00000000080015d0                TIM2_IRQHandler
 .text.USART1_IRQHandler
                0x00000000080016b0       0x14 Core/Src/stm32f3xx_it.o
                0x00000000080016b0                USART1_IRQHandler
 .text.SystemInit
                0x00000000080016c4       0x2c Core/Src/system_stm32f3xx.o
                0x00000000080016c4                SystemInit
 .text.get_voice_out
                0x00000000080016f0       0x50 Core/Src/voice.o
                0x00000000080016f0                get_voice_out
 .text.update_voice
                0x0000000008001740      0x184 Core/Src/voice.o
                0x0000000008001740                update_voice
 .text.set_frequency
                0x00000000080018c4       0x40 Core/Src/voice.o
                0x00000000080018c4                set_frequency
 .text.Reset_Handler
                0x0000000008001904       0x50 Core/Startup/startup_stm32f302r8tx.o
                0x0000000008001904                Reset_Handler
 .text.Default_Handler
                0x0000000008001954        0x2 Core/Startup/startup_stm32f302r8tx.o
                0x0000000008001954                RTC_Alarm_IRQHandler
                0x0000000008001954                TIM1_CC_IRQHandler
                0x0000000008001954                USB_HP_IRQHandler
                0x0000000008001954                PVD_IRQHandler
                0x0000000008001954                TAMP_STAMP_IRQHandler
                0x0000000008001954                EXTI3_IRQHandler
                0x0000000008001954                I2C3_ER_IRQHandler
                0x0000000008001954                USB_HP_CAN_TX_IRQHandler
                0x0000000008001954                EXTI0_IRQHandler
                0x0000000008001954                I2C2_EV_IRQHandler
                0x0000000008001954                FPU_IRQHandler
                0x0000000008001954                TIM1_UP_TIM16_IRQHandler
                0x0000000008001954                CAN_SCE_IRQHandler
                0x0000000008001954                TIM6_DAC_IRQHandler
                0x0000000008001954                DMA1_Channel4_IRQHandler
                0x0000000008001954                ADC1_IRQHandler
                0x0000000008001954                USART3_IRQHandler
                0x0000000008001954                DMA1_Channel7_IRQHandler
                0x0000000008001954                CAN_RX1_IRQHandler
                0x0000000008001954                I2C1_EV_IRQHandler
                0x0000000008001954                DMA1_Channel6_IRQHandler
                0x0000000008001954                RCC_IRQHandler
                0x0000000008001954                DMA1_Channel1_IRQHandler
                0x0000000008001954                Default_Handler
                0x0000000008001954                USBWakeUp_RMP_IRQHandler
                0x0000000008001954                EXTI15_10_IRQHandler
                0x0000000008001954                COMP2_IRQHandler
                0x0000000008001954                I2C3_EV_IRQHandler
                0x0000000008001954                EXTI9_5_IRQHandler
                0x0000000008001954                RTC_WKUP_IRQHandler
                0x0000000008001954                SPI2_IRQHandler
                0x0000000008001954                USB_LP_CAN_RX0_IRQHandler
                0x0000000008001954                DMA1_Channel5_IRQHandler
                0x0000000008001954                USB_LP_IRQHandler
                0x0000000008001954                EXTI4_IRQHandler
                0x0000000008001954                TIM1_TRG_COM_TIM17_IRQHandler
                0x0000000008001954                DMA1_Channel3_IRQHandler
                0x0000000008001954                WWDG_IRQHandler
                0x0000000008001954                EXTI1_IRQHandler
                0x0000000008001954                COMP4_6_IRQHandler
                0x0000000008001954                USART2_IRQHandler
                0x0000000008001954                I2C2_ER_IRQHandler
                0x0000000008001954                DMA1_Channel2_IRQHandler
                0x0000000008001954                FLASH_IRQHandler
                0x0000000008001954                SPI3_IRQHandler
                0x0000000008001954                I2C1_ER_IRQHandler
                0x0000000008001954                USBWakeUp_IRQHandler
                0x0000000008001954                EXTI2_TSC_IRQHandler
                0x0000000008001954                TIM1_BRK_TIM15_IRQHandler
 *fill*         0x0000000008001956        0x2 
 .text.HAL_Init
                0x0000000008001958       0x2c Drivers/STM32F3xx_HAL_Driver/Src/stm32f3xx_hal.o
                0x0000000008001958                HAL_Init
 .text.HAL_InitTick
                0x0000000008001984       0x60 Drivers/STM32F3xx_HAL_Driver/Src/stm32f3xx_hal.o
                0x0000000008001984                HAL_InitTick
 .text.HAL_IncTick
                0x00000000080019e4       0x28 Drivers/STM32F3xx_HAL_Driver/Src/stm32f3xx_hal.o
                0x00000000080019e4                HAL_IncTick
 .text.HAL_GetTick
                0x0000000008001a0c       0x18 Drivers/STM32F3xx_HAL_Driver/Src/stm32f3xx_hal.o
                0x0000000008001a0c                HAL_GetTick
 .text.__NVIC_SetPriorityGrouping
                0x0000000008001a24       0x48 Drivers/STM32F3xx_HAL_Driver/Src/stm32f3xx_hal_cortex.o
 .text.__NVIC_GetPriorityGrouping
                0x0000000008001a6c       0x1c Drivers/STM32F3xx_HAL_Driver/Src/stm32f3xx_hal_cortex.o
 .text.__NVIC_EnableIRQ
                0x0000000008001a88       0x3c Drivers/STM32F3xx_HAL_Driver/Src/stm32f3xx_hal_cortex.o
 .text.__NVIC_SetPriority
                0x0000000008001ac4       0x54 Drivers/STM32F3xx_HAL_Driver/Src/stm32f3xx_hal_cortex.o
 .text.NVIC_EncodePriority
                0x0000000008001b18       0x66 Drivers/STM32F3xx_HAL_Driver/Src/stm32f3xx_hal_cortex.o
 *fill*         0x0000000008001b7e        0x2 
 .text.SysTick_Config
                0x0000000008001b80       0x44 Drivers/STM32F3xx_HAL_Driver/Src/stm32f3xx_hal_cortex.o
 .text.HAL_NVIC_SetPriorityGrouping
                0x0000000008001bc4       0x16 Drivers/STM32F3xx_HAL_Driver/Src/stm32f3xx_hal_cortex.o
                0x0000000008001bc4                HAL_NVIC_SetPriorityGrouping
 .text.HAL_NVIC_SetPriority
                0x0000000008001bda       0x38 Drivers/STM32F3xx_HAL_Driver/Src/stm32f3xx_hal_cortex.o
                0x0000000008001bda                HAL_NVIC_SetPriority
 .text.HAL_NVIC_EnableIRQ
                0x0000000008001c12       0x1c Drivers/STM32F3xx_HAL_Driver/Src/stm32f3xx_hal_cortex.o
                0x0000000008001c12                HAL_NVIC_EnableIRQ
 .text.HAL_SYSTICK_Config
                0x0000000008001c2e       0x18 Drivers/STM32F3xx_HAL_Driver/Src/stm32f3xx_hal_cortex.o
                0x0000000008001c2e                HAL_SYSTICK_Config
 .text.HAL_DAC_Init
                0x0000000008001c46       0x44 Drivers/STM32F3xx_HAL_Driver/Src/stm32f3xx_hal_dac.o
                0x0000000008001c46                HAL_DAC_Init
 .text.HAL_DAC_SetValue
                0x0000000008001c8a       0x3e Drivers/STM32F3xx_HAL_Driver/Src/stm32f3xx_hal_dac_ex.o
                0x0000000008001c8a                HAL_DAC_SetValue
 .text.HAL_DAC_Start
                0x0000000008001cc8       0x6e Drivers/STM32F3xx_HAL_Driver/Src/stm32f3xx_hal_dac_ex.o
                0x0000000008001cc8                HAL_DAC_Start
 .text.HAL_DAC_ConfigChannel
                0x0000000008001d36       0x9a Drivers/STM32F3xx_HAL_Driver/Src/stm32f3xx_hal_dac_ex.o
                0x0000000008001d36                HAL_DAC_ConfigChannel
 .text.HAL_DMA_Abort_IT
                0x0000000008001dd0       0x7c Drivers/STM32F3xx_HAL_Driver/Src/stm32f3xx_hal_dma.o
                0x0000000008001dd0                HAL_DMA_Abort_IT
 .text.HAL_GPIO_Init
                0x0000000008001e4c      0x2e4 Drivers/STM32F3xx_HAL_Driver/Src/stm32f3xx_hal_gpio.o
                0x0000000008001e4c                HAL_GPIO_Init
 .text.HAL_GPIO_WritePin
                0x0000000008002130       0x30 Drivers/STM32F3xx_HAL_Driver/Src/stm32f3xx_hal_gpio.o
                0x0000000008002130                HAL_GPIO_WritePin
 .text.HAL_RCC_OscConfig
                0x0000000008002160      0xe10 Drivers/STM32F3xx_HAL_Driver/Src/stm32f3xx_hal_rcc.o
                0x0000000008002160                HAL_RCC_OscConfig
 .text.HAL_RCC_ClockConfig
                0x0000000008002f70      0x2f8 Drivers/STM32F3xx_HAL_Driver/Src/stm32f3xx_hal_rcc.o
                0x0000000008002f70                HAL_RCC_ClockConfig
 .text.HAL_RCC_GetSysClockFreq
                0x0000000008003268       0xd4 Drivers/STM32F3xx_HAL_Driver/Src/stm32f3xx_hal_rcc.o
                0x0000000008003268                HAL_RCC_GetSysClockFreq
 .text.HAL_RCC_GetHCLKFreq
                0x000000000800333c       0x18 Drivers/STM32F3xx_HAL_Driver/Src/stm32f3xx_hal_rcc.o
                0x000000000800333c                HAL_RCC_GetHCLKFreq
 .text.HAL_RCC_GetPCLK1Freq
                0x0000000008003354       0x44 Drivers/STM32F3xx_HAL_Driver/Src/stm32f3xx_hal_rcc.o
                0x0000000008003354                HAL_RCC_GetPCLK1Freq
 .text.HAL_RCC_GetPCLK2Freq
                0x0000000008003398       0x44 Drivers/STM32F3xx_HAL_Driver/Src/stm32f3xx_hal_rcc.o
                0x0000000008003398                HAL_RCC_GetPCLK2Freq
 .text.HAL_RCCEx_PeriphCLKConfig
                0x00000000080033dc      0x324 Drivers/STM32F3xx_HAL_Driver/Src/stm32f3xx_hal_rcc_ex.o
                0x00000000080033dc                HAL_RCCEx_PeriphCLKConfig
 .text.HAL_TIM_Base_Init
                0x0000000008003700       0x56 Drivers/STM32F3xx_HAL_Driver/Src/stm32f3xx_hal_tim.o
                0x0000000008003700                HAL_TIM_Base_Init
 *fill*         0x0000000008003756        0x2 
 .text.HAL_TIM_Base_Start_IT
                0x0000000008003758       0x54 Drivers/STM32F3xx_HAL_Driver/Src/stm32f3xx_hal_tim.o
                0x0000000008003758                HAL_TIM_Base_Start_IT
 .text.HAL_TIM_IRQHandler
                0x00000000080037ac      0x23e Drivers/STM32F3xx_HAL_Driver/Src/stm32f3xx_hal_tim.o
                0x00000000080037ac                HAL_TIM_IRQHandler
 .text.HAL_TIM_ConfigClockSource
                0x00000000080039ea      0x172 Drivers/STM32F3xx_HAL_Driver/Src/stm32f3xx_hal_tim.o
                0x00000000080039ea                HAL_TIM_ConfigClockSource
 .text.HAL_TIM_PeriodElapsedCallback
                0x0000000008003b5c       0x14 Drivers/STM32F3xx_HAL_Driver/Src/stm32f3xx_hal_tim.o
                0x0000000008003b5c                HAL_TIM_PeriodElapsedCallback
 .text.HAL_TIM_OC_DelayElapsedCallback
                0x0000000008003b70       0x14 Drivers/STM32F3xx_HAL_Driver/Src/stm32f3xx_hal_tim.o
                0x0000000008003b70                HAL_TIM_OC_DelayElapsedCallback
 .text.HAL_TIM_IC_CaptureCallback
                0x0000000008003b84       0x14 Drivers/STM32F3xx_HAL_Driver/Src/stm32f3xx_hal_tim.o
                0x0000000008003b84                HAL_TIM_IC_CaptureCallback
 .text.HAL_TIM_PWM_PulseFinishedCallback
                0x0000000008003b98       0x14 Drivers/STM32F3xx_HAL_Driver/Src/stm32f3xx_hal_tim.o
                0x0000000008003b98                HAL_TIM_PWM_PulseFinishedCallback
 .text.HAL_TIM_TriggerCallback
                0x0000000008003bac       0x14 Drivers/STM32F3xx_HAL_Driver/Src/stm32f3xx_hal_tim.o
                0x0000000008003bac                HAL_TIM_TriggerCallback
 .text.TIM_Base_SetConfig
                0x0000000008003bc0       0xdc Drivers/STM32F3xx_HAL_Driver/Src/stm32f3xx_hal_tim.o
                0x0000000008003bc0                TIM_Base_SetConfig
 .text.TIM_TI1_ConfigInputStage
                0x0000000008003c9c       0x5e Drivers/STM32F3xx_HAL_Driver/Src/stm32f3xx_hal_tim.o
 .text.TIM_TI2_ConfigInputStage
                0x0000000008003cfa       0x60 Drivers/STM32F3xx_HAL_Driver/Src/stm32f3xx_hal_tim.o
 .text.TIM_ITRx_SetConfig
                0x0000000008003d5a       0x36 Drivers/STM32F3xx_HAL_Driver/Src/stm32f3xx_hal_tim.o
 .text.TIM_ETR_SetConfig
                0x0000000008003d90       0x40 Drivers/STM32F3xx_HAL_Driver/Src/stm32f3xx_hal_tim.o
                0x0000000008003d90                TIM_ETR_SetConfig
 .text.HAL_TIMEx_MasterConfigSynchronization
                0x0000000008003dd0       0xcc Drivers/STM32F3xx_HAL_Driver/Src/stm32f3xx_hal_tim_ex.o
                0x0000000008003dd0                HAL_TIMEx_MasterConfigSynchronization
 .text.HAL_TIMEx_CommutCallback
                0x0000000008003e9c       0x14 Drivers/STM32F3xx_HAL_Driver/Src/stm32f3xx_hal_tim_ex.o
                0x0000000008003e9c                HAL_TIMEx_CommutCallback
 .text.HAL_TIMEx_BreakCallback
                0x0000000008003eb0       0x14 Drivers/STM32F3xx_HAL_Driver/Src/stm32f3xx_hal_tim_ex.o
                0x0000000008003eb0                HAL_TIMEx_BreakCallback
 .text.HAL_TIMEx_Break2Callback
                0x0000000008003ec4       0x14 Drivers/STM32F3xx_HAL_Driver/Src/stm32f3xx_hal_tim_ex.o
                0x0000000008003ec4                HAL_TIMEx_Break2Callback
 .text.HAL_UART_Init
                0x0000000008003ed8       0x9c Drivers/STM32F3xx_HAL_Driver/Src/stm32f3xx_hal_uart.o
                0x0000000008003ed8                HAL_UART_Init
 .text.HAL_UART_Receive_IT
                0x0000000008003f74      0x144 Drivers/STM32F3xx_HAL_Driver/Src/stm32f3xx_hal_uart.o
                0x0000000008003f74                HAL_UART_Receive_IT
 .text.HAL_UART_IRQHandler
                0x00000000080040b8      0x28c Drivers/STM32F3xx_HAL_Driver/Src/stm32f3xx_hal_uart.o
                0x00000000080040b8                HAL_UART_IRQHandler
 .text.HAL_UART_TxCpltCallback
                0x0000000008004344       0x14 Drivers/STM32F3xx_HAL_Driver/Src/stm32f3xx_hal_uart.o
                0x0000000008004344                HAL_UART_TxCpltCallback
 .text.HAL_UART_ErrorCallback
                0x0000000008004358       0x14 Drivers/STM32F3xx_HAL_Driver/Src/stm32f3xx_hal_uart.o
                0x0000000008004358                HAL_UART_ErrorCallback
 .text.UART_SetConfig
                0x000000000800436c      0x304 Drivers/STM32F3xx_HAL_Driver/Src/stm32f3xx_hal_uart.o
                0x000000000800436c                UART_SetConfig
 .text.UART_AdvFeatureConfig
                0x0000000008004670      0x144 Drivers/STM32F3xx_HAL_Driver/Src/stm32f3xx_hal_uart.o
                0x0000000008004670                UART_AdvFeatureConfig
 .text.UART_CheckIdleState
                0x00000000080047b4       0x8a Drivers/STM32F3xx_HAL_Driver/Src/stm32f3xx_hal_uart.o
                0x00000000080047b4                UART_CheckIdleState
 .text.UART_WaitOnFlagUntilTimeout
                0x000000000800483e       0xf6 Drivers/STM32F3xx_HAL_Driver/Src/stm32f3xx_hal_uart.o
                0x000000000800483e                UART_WaitOnFlagUntilTimeout
 .text.UART_EndRxTransfer
                0x0000000008004934       0x40 Drivers/STM32F3xx_HAL_Driver/Src/stm32f3xx_hal_uart.o
 .text.UART_DMAAbortOnError
                0x0000000008004974       0x2c Drivers/STM32F3xx_HAL_Driver/Src/stm32f3xx_hal_uart.o
 .text.UART_EndTransmit_IT
                0x00000000080049a0       0x32 Drivers/STM32F3xx_HAL_Driver/Src/stm32f3xx_hal_uart.o
 .text.UART_RxISR_8BIT
                0x00000000080049d2       0xa6 Drivers/STM32F3xx_HAL_Driver/Src/stm32f3xx_hal_uart.o
 .text.UART_RxISR_16BIT
                0x0000000008004a78       0xa6 Drivers/STM32F3xx_HAL_Driver/Src/stm32f3xx_hal_uart.o
 .text.HAL_UARTEx_WakeupCallback
                0x0000000008004b1e       0x14 Drivers/STM32F3xx_HAL_Driver/Src/stm32f3xx_hal_uart_ex.o
                0x0000000008004b1e                HAL_UARTEx_WakeupCallback
 *fill*         0x0000000008004b32        0x2 
 .text.__libc_init_array
                0x0000000008004b34       0x48 /opt/st/stm32cubeide_1.1.0/plugins/com.st.stm32cube.ide.mcu.externaltools.gnu-tools-for-stm32.7-2018-q2-update.linux64_1.0.0.201904181610/tools/bin/../lib/gcc/arm-none-eabi/7.3.1/../../../../arm-none-eabi/lib/thumb/v7e-m/fpv4-sp/hard/libc_nano.a(lib_a-init.o)
                0x0000000008004b34                __libc_init_array
 .text.memset   0x0000000008004b7c       0x10 /opt/st/stm32cubeide_1.1.0/plugins/com.st.stm32cube.ide.mcu.externaltools.gnu-tools-for-stm32.7-2018-q2-update.linux64_1.0.0.201904181610/tools/bin/../lib/gcc/arm-none-eabi/7.3.1/../../../../arm-none-eabi/lib/thumb/v7e-m/fpv4-sp/hard/libc_nano.a(lib_a-memset.o)
                0x0000000008004b7c                memset
 *(.glue_7)
 .glue_7        0x0000000008004b8c        0x0 linker stubs
 *(.glue_7t)
 .glue_7t       0x0000000008004b8c        0x0 linker stubs
 *(.eh_frame)
 .eh_frame      0x0000000008004b8c        0x0 /opt/st/stm32cubeide_1.1.0/plugins/com.st.stm32cube.ide.mcu.externaltools.gnu-tools-for-stm32.7-2018-q2-update.linux64_1.0.0.201904181610/tools/bin/../lib/gcc/arm-none-eabi/7.3.1/thumb/v7e-m/fpv4-sp/hard/crtbegin.o
 *(.init)
 .init          0x0000000008004b8c        0x4 /opt/st/stm32cubeide_1.1.0/plugins/com.st.stm32cube.ide.mcu.externaltools.gnu-tools-for-stm32.7-2018-q2-update.linux64_1.0.0.201904181610/tools/bin/../lib/gcc/arm-none-eabi/7.3.1/thumb/v7e-m/fpv4-sp/hard/crti.o
                0x0000000008004b8c                _init
 .init          0x0000000008004b90        0x8 /opt/st/stm32cubeide_1.1.0/plugins/com.st.stm32cube.ide.mcu.externaltools.gnu-tools-for-stm32.7-2018-q2-update.linux64_1.0.0.201904181610/tools/bin/../lib/gcc/arm-none-eabi/7.3.1/thumb/v7e-m/fpv4-sp/hard/crtn.o
 *(.fini)
 .fini          0x0000000008004b98        0x4 /opt/st/stm32cubeide_1.1.0/plugins/com.st.stm32cube.ide.mcu.externaltools.gnu-tools-for-stm32.7-2018-q2-update.linux64_1.0.0.201904181610/tools/bin/../lib/gcc/arm-none-eabi/7.3.1/thumb/v7e-m/fpv4-sp/hard/crti.o
                0x0000000008004b98                _fini
 .fini          0x0000000008004b9c        0x8 /opt/st/stm32cubeide_1.1.0/plugins/com.st.stm32cube.ide.mcu.externaltools.gnu-tools-for-stm32.7-2018-q2-update.linux64_1.0.0.201904181610/tools/bin/../lib/gcc/arm-none-eabi/7.3.1/thumb/v7e-m/fpv4-sp/hard/crtn.o
                0x0000000008004ba4                . = ALIGN (0x4)
                0x0000000008004ba4                _etext = .

.vfp11_veneer   0x0000000008004ba4        0x0
 .vfp11_veneer  0x0000000008004ba4        0x0 linker stubs

.v4_bx          0x0000000008004ba4        0x0
 .v4_bx         0x0000000008004ba4        0x0 linker stubs

.iplt           0x0000000008004ba4        0x0
 .iplt          0x0000000008004ba4        0x0 /opt/st/stm32cubeide_1.1.0/plugins/com.st.stm32cube.ide.mcu.externaltools.gnu-tools-for-stm32.7-2018-q2-update.linux64_1.0.0.201904181610/tools/bin/../lib/gcc/arm-none-eabi/7.3.1/thumb/v7e-m/fpv4-sp/hard/crtbegin.o

.rodata         0x0000000008004ba4       0x38
                0x0000000008004ba4                . = ALIGN (0x4)
 *(.rodata)
 *(.rodata*)
 .rodata.AHBPrescTable
                0x0000000008004ba4       0x10 Core/Src/system_stm32f3xx.o
                0x0000000008004ba4                AHBPrescTable
 .rodata.APBPrescTable
                0x0000000008004bb4        0x8 Core/Src/system_stm32f3xx.o
                0x0000000008004bb4                APBPrescTable
 .rodata.aPLLMULFactorTable
                0x0000000008004bbc       0x10 Drivers/STM32F3xx_HAL_Driver/Src/stm32f3xx_hal_rcc.o
                0x0000000008004bbc                aPLLMULFactorTable
 .rodata.aPredivFactorTable
                0x0000000008004bcc       0x10 Drivers/STM32F3xx_HAL_Driver/Src/stm32f3xx_hal_rcc.o
                0x0000000008004bcc                aPredivFactorTable
                0x0000000008004bdc                . = ALIGN (0x4)

.rel.dyn        0x0000000008004bdc        0x0
 .rel.iplt      0x0000000008004bdc        0x0 /opt/st/stm32cubeide_1.1.0/plugins/com.st.stm32cube.ide.mcu.externaltools.gnu-tools-for-stm32.7-2018-q2-update.linux64_1.0.0.201904181610/tools/bin/../lib/gcc/arm-none-eabi/7.3.1/thumb/v7e-m/fpv4-sp/hard/crtbegin.o

.ARM.extab      0x0000000008004bdc        0x0
                0x0000000008004bdc                . = ALIGN (0x4)
 *(.ARM.extab* .gnu.linkonce.armextab.*)
                0x0000000008004bdc                . = ALIGN (0x4)

.ARM            0x0000000008004bdc        0x0
                0x0000000008004bdc                . = ALIGN (0x4)
                0x0000000008004bdc                __exidx_start = .
 *(.ARM.exidx*)
                0x0000000008004bdc                __exidx_end = .
                0x0000000008004bdc                . = ALIGN (0x4)

.preinit_array  0x0000000008004bdc        0x0
                0x0000000008004bdc                . = ALIGN (0x4)
                0x0000000008004bdc                PROVIDE (__preinit_array_start = .)
 *(.preinit_array*)
                0x0000000008004bdc                PROVIDE (__preinit_array_end = .)
                0x0000000008004bdc                . = ALIGN (0x4)

.init_array     0x0000000008004bdc        0x4
                0x0000000008004bdc                . = ALIGN (0x4)
                0x0000000008004bdc                PROVIDE (__init_array_start = .)
 *(SORT_BY_NAME(.init_array.*))
 *(.init_array*)
 .init_array    0x0000000008004bdc        0x4 /opt/st/stm32cubeide_1.1.0/plugins/com.st.stm32cube.ide.mcu.externaltools.gnu-tools-for-stm32.7-2018-q2-update.linux64_1.0.0.201904181610/tools/bin/../lib/gcc/arm-none-eabi/7.3.1/thumb/v7e-m/fpv4-sp/hard/crtbegin.o
                0x0000000008004be0                PROVIDE (__init_array_end = .)
                0x0000000008004be0                . = ALIGN (0x4)

.fini_array     0x0000000008004be0        0x4
                0x0000000008004be0                . = ALIGN (0x4)
                [!provide]                        PROVIDE (__fini_array_start = .)
 *(SORT_BY_NAME(.fini_array.*))
 *(.fini_array*)
 .fini_array    0x0000000008004be0        0x4 /opt/st/stm32cubeide_1.1.0/plugins/com.st.stm32cube.ide.mcu.externaltools.gnu-tools-for-stm32.7-2018-q2-update.linux64_1.0.0.201904181610/tools/bin/../lib/gcc/arm-none-eabi/7.3.1/thumb/v7e-m/fpv4-sp/hard/crtbegin.o
                [!provide]                        PROVIDE (__fini_array_end = .)
                0x0000000008004be4                . = ALIGN (0x4)
                0x0000000008004be4                _sidata = LOADADDR (.data)

.data           0x0000000020000000      0x408 load address 0x0000000008004be4
                0x0000000020000000                . = ALIGN (0x4)
                0x0000000020000000                _sdata = .
 *(.data)
 *(.data*)
 .data.midiFreqTable
                0x0000000020000000      0x1fc Core/Src/midi_callbacks.o
                0x0000000020000000                midiFreqTable
 .data.SystemCoreClock
                0x00000000200001fc        0x4 Core/Src/system_stm32f3xx.o
                0x00000000200001fc                SystemCoreClock
 .data.wavetable_sine
                0x0000000020000200      0x200 Core/Src/voice.o
                0x0000000020000200                wavetable_sine
 .data.uwTickPrio
                0x0000000020000400        0x4 Drivers/STM32F3xx_HAL_Driver/Src/stm32f3xx_hal.o
                0x0000000020000400                uwTickPrio
 .data.uwTickFreq
                0x0000000020000404        0x1 Drivers/STM32F3xx_HAL_Driver/Src/stm32f3xx_hal.o
                0x0000000020000404                uwTickFreq
                0x0000000020000408                . = ALIGN (0x4)
 *fill*         0x0000000020000405        0x3 
                0x0000000020000408                _edata = .

.igot.plt       0x0000000020000408        0x0 load address 0x0000000008004fec
 .igot.plt      0x0000000020000408        0x0 /opt/st/stm32cubeide_1.1.0/plugins/com.st.stm32cube.ide.mcu.externaltools.gnu-tools-for-stm32.7-2018-q2-update.linux64_1.0.0.201904181610/tools/bin/../lib/gcc/arm-none-eabi/7.3.1/thumb/v7e-m/fpv4-sp/hard/crtbegin.o
                0x0000000020000408                . = ALIGN (0x4)

.bss            0x0000000020000408      0x290 load address 0x0000000008004fec
                0x0000000020000408                _sbss = .
                0x0000000020000408                __bss_start__ = _sbss
 *(.bss)
 .bss           0x0000000020000408       0x1c /opt/st/stm32cubeide_1.1.0/plugins/com.st.stm32cube.ide.mcu.externaltools.gnu-tools-for-stm32.7-2018-q2-update.linux64_1.0.0.201904181610/tools/bin/../lib/gcc/arm-none-eabi/7.3.1/thumb/v7e-m/fpv4-sp/hard/crtbegin.o
 *(.bss*)
 .bss.g_state   0x0000000020000424        0x1 Core/Src/midi.o
 .bss.g_debug_last_status_byte
                0x0000000020000425        0x1 Core/Src/midi.o
 .bss.g_debug_last_data_byte
                0x0000000020000426        0x1 Core/Src/midi.o
 .bss.g_current_channel
                0x0000000020000427        0x1 Core/Src/midi.o
 .bss.g_data_byte_one
                0x0000000020000428        0x1 Core/Src/midi.o
 .bss.g_data_byte_two
                0x0000000020000429        0x1 Core/Src/midi.o
 *fill*         0x000000002000042a        0x2 
 .bss.g_message_counter
                0x000000002000042c        0x4 Core/Src/midi.o
 .bss.g_callbacks
                0x0000000020000430       0x3c Core/Src/midi.o
 .bss.lastVoice
                0x000000002000046c        0x4 Core/Src/midi_callbacks.o
                0x000000002000046c                lastVoice
 .bss.out       0x0000000020000470        0x4 Core/Src/stm32f3xx_it.o
                0x0000000020000470                out
 .bss.activeCount
                0x0000000020000474        0x4 Core/Src/stm32f3xx_it.o
                0x0000000020000474                activeCount
 *(COMMON)
 COMMON         0x0000000020000478      0x21c Core/Src/main.o
                0x0000000020000478                Rx_data
                0x000000002000047c                huart1
                0x00000000200004fc                hdac
                0x0000000020000510                voices
                0x0000000020000650                midiNoteTable
                0x0000000020000654                htim2
 COMMON         0x0000000020000694        0x4 Drivers/STM32F3xx_HAL_Driver/Src/stm32f3xx_hal.o
                0x0000000020000694                uwTick
                0x0000000020000698                . = ALIGN (0x4)
                0x0000000020000698                _ebss = .
                0x0000000020000698                __bss_end__ = _ebss

._user_heap_stack
                0x0000000020000698      0x600 load address 0x0000000008004fec
                0x0000000020000698                . = ALIGN (0x8)
                0x0000000020000698                PROVIDE (end = .)
                [!provide]                        PROVIDE (_end = .)
                0x0000000020000898                . = (. + _Min_Heap_Size)
 *fill*         0x0000000020000698      0x200 
                0x0000000020000c98                . = (. + _Min_Stack_Size)
 *fill*         0x0000000020000898      0x400 
                0x0000000020000c98                . = ALIGN (0x8)

/DISCARD/
 libc.a(*)
 libm.a(*)
 libgcc.a(*)

.ARM.attributes
                0x0000000000000000       0x30
 *(.ARM.attributes)
 .ARM.attributes
                0x0000000000000000       0x22 /opt/st/stm32cubeide_1.1.0/plugins/com.st.stm32cube.ide.mcu.externaltools.gnu-tools-for-stm32.7-2018-q2-update.linux64_1.0.0.201904181610/tools/bin/../lib/gcc/arm-none-eabi/7.3.1/thumb/v7e-m/fpv4-sp/hard/crti.o
 .ARM.attributes
                0x0000000000000022       0x34 /opt/st/stm32cubeide_1.1.0/plugins/com.st.stm32cube.ide.mcu.externaltools.gnu-tools-for-stm32.7-2018-q2-update.linux64_1.0.0.201904181610/tools/bin/../lib/gcc/arm-none-eabi/7.3.1/thumb/v7e-m/fpv4-sp/hard/crtbegin.o
 .ARM.attributes
                0x0000000000000056       0x39 Core/Src/main.o
 .ARM.attributes
                0x000000000000008f       0x39 Core/Src/midi.o
 .ARM.attributes
                0x00000000000000c8       0x39 Core/Src/midi_callbacks.o
 .ARM.attributes
                0x0000000000000101       0x39 Core/Src/stm32f3xx_hal_msp.o
 .ARM.attributes
                0x000000000000013a       0x39 Core/Src/stm32f3xx_it.o
 .ARM.attributes
                0x0000000000000173       0x39 Core/Src/system_stm32f3xx.o
 .ARM.attributes
                0x00000000000001ac       0x39 Core/Src/voice.o
 .ARM.attributes
                0x00000000000001e5       0x21 Core/Startup/startup_stm32f302r8tx.o
 .ARM.attributes
                0x0000000000000206       0x39 Drivers/STM32F3xx_HAL_Driver/Src/stm32f3xx_hal.o
 .ARM.attributes
                0x000000000000023f       0x39 Drivers/STM32F3xx_HAL_Driver/Src/stm32f3xx_hal_cortex.o
 .ARM.attributes
                0x0000000000000278       0x39 Drivers/STM32F3xx_HAL_Driver/Src/stm32f3xx_hal_dac.o
 .ARM.attributes
                0x00000000000002b1       0x39 Drivers/STM32F3xx_HAL_Driver/Src/stm32f3xx_hal_dac_ex.o
 .ARM.attributes
                0x00000000000002ea       0x39 Drivers/STM32F3xx_HAL_Driver/Src/stm32f3xx_hal_dma.o
 .ARM.attributes
                0x0000000000000323       0x39 Drivers/STM32F3xx_HAL_Driver/Src/stm32f3xx_hal_gpio.o
 .ARM.attributes
                0x000000000000035c       0x39 Drivers/STM32F3xx_HAL_Driver/Src/stm32f3xx_hal_rcc.o
 .ARM.attributes
                0x0000000000000395       0x39 Drivers/STM32F3xx_HAL_Driver/Src/stm32f3xx_hal_rcc_ex.o
 .ARM.attributes
                0x00000000000003ce       0x39 Drivers/STM32F3xx_HAL_Driver/Src/stm32f3xx_hal_tim.o
 .ARM.attributes
                0x0000000000000407       0x39 Drivers/STM32F3xx_HAL_Driver/Src/stm32f3xx_hal_tim_ex.o
 .ARM.attributes
                0x0000000000000440       0x39 Drivers/STM32F3xx_HAL_Driver/Src/stm32f3xx_hal_uart.o
 .ARM.attributes
                0x0000000000000479       0x39 Drivers/STM32F3xx_HAL_Driver/Src/stm32f3xx_hal_uart_ex.o
 .ARM.attributes
                0x00000000000004b2       0x34 /opt/st/stm32cubeide_1.1.0/plugins/com.st.stm32cube.ide.mcu.externaltools.gnu-tools-for-stm32.7-2018-q2-update.linux64_1.0.0.201904181610/tools/bin/../lib/gcc/arm-none-eabi/7.3.1/../../../../arm-none-eabi/lib/thumb/v7e-m/fpv4-sp/hard/libc_nano.a(lib_a-init.o)
 .ARM.attributes
                0x00000000000004e6       0x34 /opt/st/stm32cubeide_1.1.0/plugins/com.st.stm32cube.ide.mcu.externaltools.gnu-tools-for-stm32.7-2018-q2-update.linux64_1.0.0.201904181610/tools/bin/../lib/gcc/arm-none-eabi/7.3.1/../../../../arm-none-eabi/lib/thumb/v7e-m/fpv4-sp/hard/libc_nano.a(lib_a-memset.o)
 .ARM.attributes
                0x000000000000051a       0x22 /opt/st/stm32cubeide_1.1.0/plugins/com.st.stm32cube.ide.mcu.externaltools.gnu-tools-for-stm32.7-2018-q2-update.linux64_1.0.0.201904181610/tools/bin/../lib/gcc/arm-none-eabi/7.3.1/thumb/v7e-m/fpv4-sp/hard/libgcc.a(_arm_addsubdf3.o)
 .ARM.attributes
                0x000000000000053c       0x22 /opt/st/stm32cubeide_1.1.0/plugins/com.st.stm32cube.ide.mcu.externaltools.gnu-tools-for-stm32.7-2018-q2-update.linux64_1.0.0.201904181610/tools/bin/../lib/gcc/arm-none-eabi/7.3.1/thumb/v7e-m/fpv4-sp/hard/libgcc.a(_arm_muldivdf3.o)
 .ARM.attributes
                0x000000000000055e       0x22 /opt/st/stm32cubeide_1.1.0/plugins/com.st.stm32cube.ide.mcu.externaltools.gnu-tools-for-stm32.7-2018-q2-update.linux64_1.0.0.201904181610/tools/bin/../lib/gcc/arm-none-eabi/7.3.1/thumb/v7e-m/fpv4-sp/hard/libgcc.a(_arm_cmpdf2.o)
 .ARM.attributes
                0x0000000000000580       0x22 /opt/st/stm32cubeide_1.1.0/plugins/com.st.stm32cube.ide.mcu.externaltools.gnu-tools-for-stm32.7-2018-q2-update.linux64_1.0.0.201904181610/tools/bin/../lib/gcc/arm-none-eabi/7.3.1/thumb/v7e-m/fpv4-sp/hard/libgcc.a(_arm_fixdfsi.o)
 .ARM.attributes
                0x00000000000005a2       0x22 /opt/st/stm32cubeide_1.1.0/plugins/com.st.stm32cube.ide.mcu.externaltools.gnu-tools-for-stm32.7-2018-q2-update.linux64_1.0.0.201904181610/tools/bin/../lib/gcc/arm-none-eabi/7.3.1/thumb/v7e-m/fpv4-sp/hard/libgcc.a(_arm_truncdfsf2.o)
 .ARM.attributes
                0x00000000000005c4       0x22 /opt/st/stm32cubeide_1.1.0/plugins/com.st.stm32cube.ide.mcu.externaltools.gnu-tools-for-stm32.7-2018-q2-update.linux64_1.0.0.201904181610/tools/bin/../lib/gcc/arm-none-eabi/7.3.1/thumb/v7e-m/fpv4-sp/hard/crtn.o
OUTPUT(PolyMidiSynth.elf elf32-littlearm)

.debug_info     0x0000000000000000     0xfa9e
 .debug_info    0x0000000000000000     0x1a74 Core/Src/main.o
 .debug_info    0x0000000000001a74      0x3bf Core/Src/midi.o
 .debug_info    0x0000000000001e33      0x1b4 Core/Src/midi_callbacks.o
 .debug_info    0x0000000000001fe7      0xf84 Core/Src/stm32f3xx_hal_msp.o
 .debug_info    0x0000000000002f6b     0x1495 Core/Src/stm32f3xx_it.o
 .debug_info    0x0000000000004400      0x45c Core/Src/system_stm32f3xx.o
 .debug_info    0x000000000000485c      0x9f0 Core/Src/voice.o
 .debug_info    0x000000000000524c       0x22 Core/Startup/startup_stm32f302r8tx.o
 .debug_info    0x000000000000526e      0x782 Drivers/STM32F3xx_HAL_Driver/Src/stm32f3xx_hal.o
 .debug_info    0x00000000000059f0      0xb7e Drivers/STM32F3xx_HAL_Driver/Src/stm32f3xx_hal_cortex.o
 .debug_info    0x000000000000656e      0x8fb Drivers/STM32F3xx_HAL_Driver/Src/stm32f3xx_hal_dac.o
 .debug_info    0x0000000000006e69      0x8a3 Drivers/STM32F3xx_HAL_Driver/Src/stm32f3xx_hal_dac_ex.o
 .debug_info    0x000000000000770c      0x7cb Drivers/STM32F3xx_HAL_Driver/Src/stm32f3xx_hal_dma.o
 .debug_info    0x0000000000007ed7      0x6fc Drivers/STM32F3xx_HAL_Driver/Src/stm32f3xx_hal_gpio.o
 .debug_info    0x00000000000085d3     0x180f Drivers/STM32F3xx_HAL_Driver/Src/stm32f3xx_hal_rcc.o
 .debug_info    0x0000000000009de2      0x66d Drivers/STM32F3xx_HAL_Driver/Src/stm32f3xx_hal_rcc_ex.o
 .debug_info    0x000000000000a44f     0x2648 Drivers/STM32F3xx_HAL_Driver/Src/stm32f3xx_hal_tim.o
 .debug_info    0x000000000000ca97     0x11d7 Drivers/STM32F3xx_HAL_Driver/Src/stm32f3xx_hal_tim_ex.o
 .debug_info    0x000000000000dc6e     0x1592 Drivers/STM32F3xx_HAL_Driver/Src/stm32f3xx_hal_uart.o
 .debug_info    0x000000000000f200      0x89e Drivers/STM32F3xx_HAL_Driver/Src/stm32f3xx_hal_uart_ex.o

.debug_abbrev   0x0000000000000000     0x2578
 .debug_abbrev  0x0000000000000000      0x2dc Core/Src/main.o
 .debug_abbrev  0x00000000000002dc      0x1d3 Core/Src/midi.o
 .debug_abbrev  0x00000000000004af       0xff Core/Src/midi_callbacks.o
 .debug_abbrev  0x00000000000005ae      0x1a6 Core/Src/stm32f3xx_hal_msp.o
 .debug_abbrev  0x0000000000000754      0x253 Core/Src/stm32f3xx_it.o
 .debug_abbrev  0x00000000000009a7      0x12b Core/Src/system_stm32f3xx.o
 .debug_abbrev  0x0000000000000ad2      0x1e6 Core/Src/voice.o
 .debug_abbrev  0x0000000000000cb8       0x12 Core/Startup/startup_stm32f302r8tx.o
 .debug_abbrev  0x0000000000000cca      0x1c7 Drivers/STM32F3xx_HAL_Driver/Src/stm32f3xx_hal.o
 .debug_abbrev  0x0000000000000e91      0x2d5 Drivers/STM32F3xx_HAL_Driver/Src/stm32f3xx_hal_cortex.o
 .debug_abbrev  0x0000000000001166      0x1a3 Drivers/STM32F3xx_HAL_Driver/Src/stm32f3xx_hal_dac.o
 .debug_abbrev  0x0000000000001309      0x1e8 Drivers/STM32F3xx_HAL_Driver/Src/stm32f3xx_hal_dac_ex.o
 .debug_abbrev  0x00000000000014f1      0x1fe Drivers/STM32F3xx_HAL_Driver/Src/stm32f3xx_hal_dma.o
 .debug_abbrev  0x00000000000016ef      0x1c0 Drivers/STM32F3xx_HAL_Driver/Src/stm32f3xx_hal_gpio.o
 .debug_abbrev  0x00000000000018af      0x28c Drivers/STM32F3xx_HAL_Driver/Src/stm32f3xx_hal_rcc.o
 .debug_abbrev  0x0000000000001b3b      0x208 Drivers/STM32F3xx_HAL_Driver/Src/stm32f3xx_hal_rcc_ex.o
 .debug_abbrev  0x0000000000001d43      0x230 Drivers/STM32F3xx_HAL_Driver/Src/stm32f3xx_hal_tim.o
 .debug_abbrev  0x0000000000001f73      0x21e Drivers/STM32F3xx_HAL_Driver/Src/stm32f3xx_hal_tim_ex.o
 .debug_abbrev  0x0000000000002191      0x205 Drivers/STM32F3xx_HAL_Driver/Src/stm32f3xx_hal_uart.o
 .debug_abbrev  0x0000000000002396      0x1e2 Drivers/STM32F3xx_HAL_Driver/Src/stm32f3xx_hal_uart_ex.o

.debug_aranges  0x0000000000000000      0xe48
 .debug_aranges
                0x0000000000000000       0x58 Core/Src/main.o
 .debug_aranges
                0x0000000000000058       0x60 Core/Src/midi.o
 .debug_aranges
                0x00000000000000b8       0x28 Core/Src/midi_callbacks.o
 .debug_aranges
                0x00000000000000e0       0x50 Core/Src/stm32f3xx_hal_msp.o
 .debug_aranges
                0x0000000000000130       0x70 Core/Src/stm32f3xx_it.o
 .debug_aranges
                0x00000000000001a0       0x28 Core/Src/system_stm32f3xx.o
 .debug_aranges
                0x00000000000001c8       0x30 Core/Src/voice.o
 .debug_aranges
                0x00000000000001f8       0x28 Core/Startup/startup_stm32f302r8tx.o
 .debug_aranges
                0x0000000000000220       0xe0 Drivers/STM32F3xx_HAL_Driver/Src/stm32f3xx_hal.o
 .debug_aranges
                0x0000000000000300      0x100 Drivers/STM32F3xx_HAL_Driver/Src/stm32f3xx_hal_cortex.o
 .debug_aranges
                0x0000000000000400       0xa8 Drivers/STM32F3xx_HAL_Driver/Src/stm32f3xx_hal_dac.o
 .debug_aranges
                0x00000000000004a8       0x78 Drivers/STM32F3xx_HAL_Driver/Src/stm32f3xx_hal_dac_ex.o
 .debug_aranges
                0x0000000000000520       0x88 Drivers/STM32F3xx_HAL_Driver/Src/stm32f3xx_hal_dma.o
 .debug_aranges
                0x00000000000005a8       0x58 Drivers/STM32F3xx_HAL_Driver/Src/stm32f3xx_hal_gpio.o
 .debug_aranges
                0x0000000000000600       0x88 Drivers/STM32F3xx_HAL_Driver/Src/stm32f3xx_hal_rcc.o
 .debug_aranges
                0x0000000000000688       0x38 Drivers/STM32F3xx_HAL_Driver/Src/stm32f3xx_hal_rcc_ex.o
 .debug_aranges
                0x00000000000006c0      0x3c8 Drivers/STM32F3xx_HAL_Driver/Src/stm32f3xx_hal_tim.o
 .debug_aranges
                0x0000000000000a88      0x160 Drivers/STM32F3xx_HAL_Driver/Src/stm32f3xx_hal_tim_ex.o
 .debug_aranges
                0x0000000000000be8      0x210 Drivers/STM32F3xx_HAL_Driver/Src/stm32f3xx_hal_uart.o
 .debug_aranges
                0x0000000000000df8       0x50 Drivers/STM32F3xx_HAL_Driver/Src/stm32f3xx_hal_uart_ex.o

.debug_ranges   0x0000000000000000      0xd10
 .debug_ranges  0x0000000000000000       0x48 Core/Src/main.o
 .debug_ranges  0x0000000000000048       0x50 Core/Src/midi.o
 .debug_ranges  0x0000000000000098       0x18 Core/Src/midi_callbacks.o
 .debug_ranges  0x00000000000000b0       0x40 Core/Src/stm32f3xx_hal_msp.o
 .debug_ranges  0x00000000000000f0       0x60 Core/Src/stm32f3xx_it.o
 .debug_ranges  0x0000000000000150       0x18 Core/Src/system_stm32f3xx.o
 .debug_ranges  0x0000000000000168       0x20 Core/Src/voice.o
 .debug_ranges  0x0000000000000188       0x20 Core/Startup/startup_stm32f302r8tx.o
 .debug_ranges  0x00000000000001a8       0xd0 Drivers/STM32F3xx_HAL_Driver/Src/stm32f3xx_hal.o
 .debug_ranges  0x0000000000000278       0xf0 Drivers/STM32F3xx_HAL_Driver/Src/stm32f3xx_hal_cortex.o
 .debug_ranges  0x0000000000000368       0x98 Drivers/STM32F3xx_HAL_Driver/Src/stm32f3xx_hal_dac.o
 .debug_ranges  0x0000000000000400       0x68 Drivers/STM32F3xx_HAL_Driver/Src/stm32f3xx_hal_dac_ex.o
 .debug_ranges  0x0000000000000468       0x78 Drivers/STM32F3xx_HAL_Driver/Src/stm32f3xx_hal_dma.o
 .debug_ranges  0x00000000000004e0       0x48 Drivers/STM32F3xx_HAL_Driver/Src/stm32f3xx_hal_gpio.o
 .debug_ranges  0x0000000000000528       0x78 Drivers/STM32F3xx_HAL_Driver/Src/stm32f3xx_hal_rcc.o
 .debug_ranges  0x00000000000005a0       0x28 Drivers/STM32F3xx_HAL_Driver/Src/stm32f3xx_hal_rcc_ex.o
 .debug_ranges  0x00000000000005c8      0x3b8 Drivers/STM32F3xx_HAL_Driver/Src/stm32f3xx_hal_tim.o
 .debug_ranges  0x0000000000000980      0x150 Drivers/STM32F3xx_HAL_Driver/Src/stm32f3xx_hal_tim_ex.o
 .debug_ranges  0x0000000000000ad0      0x200 Drivers/STM32F3xx_HAL_Driver/Src/stm32f3xx_hal_uart.o
 .debug_ranges  0x0000000000000cd0       0x40 Drivers/STM32F3xx_HAL_Driver/Src/stm32f3xx_hal_uart_ex.o

.debug_macro    0x0000000000000000    0x18b82
 .debug_macro   0x0000000000000000      0x29a Core/Src/main.o
 .debug_macro   0x000000000000029a      0xa5a Core/Src/main.o
 .debug_macro   0x0000000000000cf4      0x15d Core/Src/main.o
 .debug_macro   0x0000000000000e51       0x2e Core/Src/main.o
 .debug_macro   0x0000000000000e7f       0x28 Core/Src/main.o
 .debug_macro   0x0000000000000ea7       0x22 Core/Src/main.o
 .debug_macro   0x0000000000000ec9       0x8e Core/Src/main.o
 .debug_macro   0x0000000000000f57       0x51 Core/Src/main.o
 .debug_macro   0x0000000000000fa8       0xef Core/Src/main.o
 .debug_macro   0x0000000000001097       0x6a Core/Src/main.o
 .debug_macro   0x0000000000001101      0x1df Core/Src/main.o
 .debug_macro   0x00000000000012e0       0x1c Core/Src/main.o
 .debug_macro   0x00000000000012fc       0x22 Core/Src/main.o
 .debug_macro   0x000000000000131e       0xdf Core/Src/main.o
 .debug_macro   0x00000000000013fd      0xf07 Core/Src/main.o
 .debug_macro   0x0000000000002304    0x110e1 Core/Src/main.o
 .debug_macro   0x00000000000133e5       0x43 Core/Src/main.o
 .debug_macro   0x0000000000013428      0x174 Core/Src/main.o
 .debug_macro   0x000000000001359c       0x53 Core/Src/main.o
 .debug_macro   0x00000000000135ef      0x8f9 Core/Src/main.o
 .debug_macro   0x0000000000013ee8      0x41b Core/Src/main.o
 .debug_macro   0x0000000000014303      0x12f Core/Src/main.o
 .debug_macro   0x0000000000014432      0x161 Core/Src/main.o
 .debug_macro   0x0000000000014593      0x1d5 Core/Src/main.o
 .debug_macro   0x0000000000014768      0x1bc Core/Src/main.o
 .debug_macro   0x0000000000014924       0x34 Core/Src/main.o
 .debug_macro   0x0000000000014958       0x3c Core/Src/main.o
 .debug_macro   0x0000000000014994       0x57 Core/Src/main.o
 .debug_macro   0x00000000000149eb      0x176 Core/Src/main.o
 .debug_macro   0x0000000000014b61       0x4e Core/Src/main.o
 .debug_macro   0x0000000000014baf       0xc5 Core/Src/main.o
 .debug_macro   0x0000000000014c74      0x19f Core/Src/main.o
 .debug_macro   0x0000000000014e13      0x22c Core/Src/main.o
 .debug_macro   0x000000000001503f       0x58 Core/Src/main.o
 .debug_macro   0x0000000000015097       0xa5 Core/Src/main.o
 .debug_macro   0x000000000001513c       0x81 Core/Src/main.o
 .debug_macro   0x00000000000151bd       0xd3 Core/Src/main.o
 .debug_macro   0x0000000000015290      0x9e9 Core/Src/main.o
 .debug_macro   0x0000000000015c79       0x41 Core/Src/main.o
 .debug_macro   0x0000000000015cba      0x589 Core/Src/main.o
 .debug_macro   0x0000000000016243       0x44 Core/Src/main.o
 .debug_macro   0x0000000000016287      0x1f7 Core/Src/main.o
 .debug_macro   0x000000000001647e       0x10 Core/Src/main.o
 .debug_macro   0x000000000001648e       0x46 Core/Src/main.o
 .debug_macro   0x00000000000164d4       0x18 Core/Src/main.o
 .debug_macro   0x00000000000164ec       0x3c Core/Src/main.o
 .debug_macro   0x0000000000016528       0x34 Core/Src/main.o
 .debug_macro   0x000000000001655c       0x52 Core/Src/main.o
 .debug_macro   0x00000000000165ae       0x1f Core/Src/main.o
 .debug_macro   0x00000000000165cd       0x43 Core/Src/main.o
 .debug_macro   0x0000000000016610       0x20 Core/Src/main.o
 .debug_macro   0x0000000000016630      0x1a3 Core/Src/main.o
 .debug_macro   0x00000000000167d3      0x32a Core/Src/main.o
 .debug_macro   0x0000000000016afd      0x1e1 Core/Src/main.o
 .debug_macro   0x0000000000016cde       0x34 Core/Src/main.o
 .debug_macro   0x0000000000016d12       0x10 Core/Src/main.o
 .debug_macro   0x0000000000016d22       0x92 Core/Src/midi.o
 .debug_macro   0x0000000000016db4       0x24 Core/Src/midi_callbacks.o
 .debug_macro   0x0000000000016dd8      0x1e0 Core/Src/stm32f3xx_hal_msp.o
 .debug_macro   0x0000000000016fb8      0x291 Core/Src/stm32f3xx_it.o
 .debug_macro   0x0000000000017249      0x1d7 Core/Src/system_stm32f3xx.o
 .debug_macro   0x0000000000017420       0xe7 Core/Src/voice.o
 .debug_macro   0x0000000000017507       0x10 Core/Src/voice.o
 .debug_macro   0x0000000000017517      0x1f5 Drivers/STM32F3xx_HAL_Driver/Src/stm32f3xx_hal.o
 .debug_macro   0x000000000001770c      0x1d1 Drivers/STM32F3xx_HAL_Driver/Src/stm32f3xx_hal_cortex.o
 .debug_macro   0x00000000000178dd      0x1d2 Drivers/STM32F3xx_HAL_Driver/Src/stm32f3xx_hal_dac.o
 .debug_macro   0x0000000000017aaf      0x1d1 Drivers/STM32F3xx_HAL_Driver/Src/stm32f3xx_hal_dac_ex.o
 .debug_macro   0x0000000000017c80      0x1d1 Drivers/STM32F3xx_HAL_Driver/Src/stm32f3xx_hal_dma.o
 .debug_macro   0x0000000000017e51      0x209 Drivers/STM32F3xx_HAL_Driver/Src/stm32f3xx_hal_gpio.o
 .debug_macro   0x000000000001805a      0x1f5 Drivers/STM32F3xx_HAL_Driver/Src/stm32f3xx_hal_rcc.o
 .debug_macro   0x000000000001824f      0x1d1 Drivers/STM32F3xx_HAL_Driver/Src/stm32f3xx_hal_rcc_ex.o
 .debug_macro   0x0000000000018420      0x1d2 Drivers/STM32F3xx_HAL_Driver/Src/stm32f3xx_hal_tim.o
 .debug_macro   0x00000000000185f2      0x1d1 Drivers/STM32F3xx_HAL_Driver/Src/stm32f3xx_hal_tim_ex.o
 .debug_macro   0x00000000000187c3      0x1ee Drivers/STM32F3xx_HAL_Driver/Src/stm32f3xx_hal_uart.o
 .debug_macro   0x00000000000189b1      0x1d1 Drivers/STM32F3xx_HAL_Driver/Src/stm32f3xx_hal_uart_ex.o

.debug_line     0x0000000000000000     0xb20c
 .debug_line    0x0000000000000000      0x8cc Core/Src/main.o
 .debug_line    0x00000000000008cc      0x171 Core/Src/midi.o
 .debug_line    0x0000000000000a3d       0xaf Core/Src/midi_callbacks.o
 .debug_line    0x0000000000000aec      0x731 Core/Src/stm32f3xx_hal_msp.o
 .debug_line    0x000000000000121d      0x8cd Core/Src/stm32f3xx_it.o
 .debug_line    0x0000000000001aea      0x6c7 Core/Src/system_stm32f3xx.o
 .debug_line    0x00000000000021b1      0x4d7 Core/Src/voice.o
 .debug_line    0x0000000000002688       0x85 Core/Startup/startup_stm32f302r8tx.o
 .debug_line    0x000000000000270d      0x884 Drivers/STM32F3xx_HAL_Driver/Src/stm32f3xx_hal.o
 .debug_line    0x0000000000002f91      0x95b Drivers/STM32F3xx_HAL_Driver/Src/stm32f3xx_hal_cortex.o
 .debug_line    0x00000000000038ec      0x80a Drivers/STM32F3xx_HAL_Driver/Src/stm32f3xx_hal_dac.o
 .debug_line    0x00000000000040f6      0x883 Drivers/STM32F3xx_HAL_Driver/Src/stm32f3xx_hal_dac_ex.o
 .debug_line    0x0000000000004979      0x8bd Drivers/STM32F3xx_HAL_Driver/Src/stm32f3xx_hal_dma.o
 .debug_line    0x0000000000005236      0x825 Drivers/STM32F3xx_HAL_Driver/Src/stm32f3xx_hal_gpio.o
 .debug_line    0x0000000000005a5b      0xdfc Drivers/STM32F3xx_HAL_Driver/Src/stm32f3xx_hal_rcc.o
 .debug_line    0x0000000000006857      0x8ef Drivers/STM32F3xx_HAL_Driver/Src/stm32f3xx_hal_rcc_ex.o
 .debug_line    0x0000000000007146     0x1aa1 Drivers/STM32F3xx_HAL_Driver/Src/stm32f3xx_hal_tim.o
 .debug_line    0x0000000000008be7      0xd2d Drivers/STM32F3xx_HAL_Driver/Src/stm32f3xx_hal_tim_ex.o
 .debug_line    0x0000000000009914     0x1156 Drivers/STM32F3xx_HAL_Driver/Src/stm32f3xx_hal_uart.o
 .debug_line    0x000000000000aa6a      0x7a2 Drivers/STM32F3xx_HAL_Driver/Src/stm32f3xx_hal_uart_ex.o

.debug_str      0x0000000000000000    0x8db3b
 .debug_str     0x0000000000000000    0x8a1ee Core/Src/main.o
                                      0x8a550 (size before relaxing)
 .debug_str     0x000000000008a1ee      0x576 Core/Src/midi.o
                                       0x345e (size before relaxing)
 .debug_str     0x000000000008a764       0x49 Core/Src/midi_callbacks.o
                                       0x2e6b (size before relaxing)
 .debug_str     0x000000000008a7ad      0x317 Core/Src/stm32f3xx_hal_msp.o
                                      0x86aa7 (size before relaxing)
 .debug_str     0x000000000008aac4       0xf5 Core/Src/stm32f3xx_it.o
                                      0x89f8a (size before relaxing)
 .debug_str     0x000000000008abb9       0xc7 Core/Src/system_stm32f3xx.o
                                      0x85fcb (size before relaxing)
 .debug_str     0x000000000008ac80       0x89 Core/Src/voice.o
                                       0x6d28 (size before relaxing)
 .debug_str     0x000000000008ad09       0x36 Core/Startup/startup_stm32f302r8tx.o
                                         0x73 (size before relaxing)
 .debug_str     0x000000000008ad3f      0x3d9 Drivers/STM32F3xx_HAL_Driver/Src/stm32f3xx_hal.o
                                      0x8666f (size before relaxing)
 .debug_str     0x000000000008b118      0x2b4 Drivers/STM32F3xx_HAL_Driver/Src/stm32f3xx_hal_cortex.o
                                      0x86650 (size before relaxing)
 .debug_str     0x000000000008b3cc      0x17c Drivers/STM32F3xx_HAL_Driver/Src/stm32f3xx_hal_dac.o
                                      0x863f7 (size before relaxing)
 .debug_str     0x000000000008b548       0xf5 Drivers/STM32F3xx_HAL_Driver/Src/stm32f3xx_hal_dac_ex.o
                                      0x863ab (size before relaxing)
 .debug_str     0x000000000008b63d      0x248 Drivers/STM32F3xx_HAL_Driver/Src/stm32f3xx_hal_dma.o
                                      0x86331 (size before relaxing)
 .debug_str     0x000000000008b885      0x224 Drivers/STM32F3xx_HAL_Driver/Src/stm32f3xx_hal_gpio.o
                                      0x86226 (size before relaxing)
 .debug_str     0x000000000008baa9      0x313 Drivers/STM32F3xx_HAL_Driver/Src/stm32f3xx_hal_rcc.o
                                      0x86425 (size before relaxing)
 .debug_str     0x000000000008bdbc       0xce Drivers/STM32F3xx_HAL_Driver/Src/stm32f3xx_hal_rcc_ex.o
                                      0x861be (size before relaxing)
 .debug_str     0x000000000008be8a      0xdd9 Drivers/STM32F3xx_HAL_Driver/Src/stm32f3xx_hal_tim.o
                                      0x871b8 (size before relaxing)
 .debug_str     0x000000000008cc63      0x591 Drivers/STM32F3xx_HAL_Driver/Src/stm32f3xx_hal_tim_ex.o
                                      0x869bf (size before relaxing)
 .debug_str     0x000000000008d1f4      0x7e7 Drivers/STM32F3xx_HAL_Driver/Src/stm32f3xx_hal_uart.o
                                      0x86b85 (size before relaxing)
 .debug_str     0x000000000008d9db      0x160 Drivers/STM32F3xx_HAL_Driver/Src/stm32f3xx_hal_uart_ex.o
                                      0x8644d (size before relaxing)

.comment        0x0000000000000000       0x7b
 .comment       0x0000000000000000       0x7b Core/Src/main.o
                                         0x7c (size before relaxing)
 .comment       0x000000000000007b       0x7c Core/Src/midi.o
 .comment       0x000000000000007b       0x7c Core/Src/midi_callbacks.o
 .comment       0x000000000000007b       0x7c Core/Src/stm32f3xx_hal_msp.o
 .comment       0x000000000000007b       0x7c Core/Src/stm32f3xx_it.o
 .comment       0x000000000000007b       0x7c Core/Src/system_stm32f3xx.o
 .comment       0x000000000000007b       0x7c Core/Src/voice.o
 .comment       0x000000000000007b       0x7c Drivers/STM32F3xx_HAL_Driver/Src/stm32f3xx_hal.o
 .comment       0x000000000000007b       0x7c Drivers/STM32F3xx_HAL_Driver/Src/stm32f3xx_hal_cortex.o
 .comment       0x000000000000007b       0x7c Drivers/STM32F3xx_HAL_Driver/Src/stm32f3xx_hal_dac.o
 .comment       0x000000000000007b       0x7c Drivers/STM32F3xx_HAL_Driver/Src/stm32f3xx_hal_dac_ex.o
 .comment       0x000000000000007b       0x7c Drivers/STM32F3xx_HAL_Driver/Src/stm32f3xx_hal_dma.o
 .comment       0x000000000000007b       0x7c Drivers/STM32F3xx_HAL_Driver/Src/stm32f3xx_hal_gpio.o
 .comment       0x000000000000007b       0x7c Drivers/STM32F3xx_HAL_Driver/Src/stm32f3xx_hal_rcc.o
 .comment       0x000000000000007b       0x7c Drivers/STM32F3xx_HAL_Driver/Src/stm32f3xx_hal_rcc_ex.o
 .comment       0x000000000000007b       0x7c Drivers/STM32F3xx_HAL_Driver/Src/stm32f3xx_hal_tim.o
 .comment       0x000000000000007b       0x7c Drivers/STM32F3xx_HAL_Driver/Src/stm32f3xx_hal_tim_ex.o
 .comment       0x000000000000007b       0x7c Drivers/STM32F3xx_HAL_Driver/Src/stm32f3xx_hal_uart.o
 .comment       0x000000000000007b       0x7c Drivers/STM32F3xx_HAL_Driver/Src/stm32f3xx_hal_uart_ex.o

.debug_frame    0x0000000000000000     0x3cec
 .debug_frame   0x0000000000000000      0x120 Core/Src/main.o
 .debug_frame   0x0000000000000120      0x168 Core/Src/midi.o
 .debug_frame   0x0000000000000288       0x5c Core/Src/midi_callbacks.o
 .debug_frame   0x00000000000002e4      0x110 Core/Src/stm32f3xx_hal_msp.o
 .debug_frame   0x00000000000003f4      0x150 Core/Src/stm32f3xx_it.o
 .debug_frame   0x0000000000000544       0x58 Core/Src/system_stm32f3xx.o
 .debug_frame   0x000000000000059c       0x88 Core/Src/voice.o
 .debug_frame   0x0000000000000624      0x334 Drivers/STM32F3xx_HAL_Driver/Src/stm32f3xx_hal.o
 .debug_frame   0x0000000000000958      0x428 Drivers/STM32F3xx_HAL_Driver/Src/stm32f3xx_hal_cortex.o
 .debug_frame   0x0000000000000d80      0x2d4 Drivers/STM32F3xx_HAL_Driver/Src/stm32f3xx_hal_dac.o
 .debug_frame   0x0000000000001054      0x1dc Drivers/STM32F3xx_HAL_Driver/Src/stm32f3xx_hal_dac_ex.o
 .debug_frame   0x0000000000001230      0x224 Drivers/STM32F3xx_HAL_Driver/Src/stm32f3xx_hal_dma.o
 .debug_frame   0x0000000000001454      0x14c Drivers/STM32F3xx_HAL_Driver/Src/stm32f3xx_hal_gpio.o
 .debug_frame   0x00000000000015a0      0x214 Drivers/STM32F3xx_HAL_Driver/Src/stm32f3xx_hal_rcc.o
 .debug_frame   0x00000000000017b4       0xb4 Drivers/STM32F3xx_HAL_Driver/Src/stm32f3xx_hal_rcc_ex.o
 .debug_frame   0x0000000000001868     0x1190 Drivers/STM32F3xx_HAL_Driver/Src/stm32f3xx_hal_tim.o
 .debug_frame   0x00000000000029f8      0x610 Drivers/STM32F3xx_HAL_Driver/Src/stm32f3xx_hal_tim_ex.o
 .debug_frame   0x0000000000003008      0x970 Drivers/STM32F3xx_HAL_Driver/Src/stm32f3xx_hal_uart.o
 .debug_frame   0x0000000000003978      0x120 Drivers/STM32F3xx_HAL_Driver/Src/stm32f3xx_hal_uart_ex.o
 .debug_frame   0x0000000000003a98       0x2c /opt/st/stm32cubeide_1.1.0/plugins/com.st.stm32cube.ide.mcu.externaltools.gnu-tools-for-stm32.7-2018-q2-update.linux64_1.0.0.201904181610/tools/bin/../lib/gcc/arm-none-eabi/7.3.1/../../../../arm-none-eabi/lib/thumb/v7e-m/fpv4-sp/hard/libc_nano.a(lib_a-init.o)
 .debug_frame   0x0000000000003ac4       0x20 /opt/st/stm32cubeide_1.1.0/plugins/com.st.stm32cube.ide.mcu.externaltools.gnu-tools-for-stm32.7-2018-q2-update.linux64_1.0.0.201904181610/tools/bin/../lib/gcc/arm-none-eabi/7.3.1/../../../../arm-none-eabi/lib/thumb/v7e-m/fpv4-sp/hard/libc_nano.a(lib_a-memset.o)
 .debug_frame   0x0000000000003ae4       0xac /opt/st/stm32cubeide_1.1.0/plugins/com.st.stm32cube.ide.mcu.externaltools.gnu-tools-for-stm32.7-2018-q2-update.linux64_1.0.0.201904181610/tools/bin/../lib/gcc/arm-none-eabi/7.3.1/thumb/v7e-m/fpv4-sp/hard/libgcc.a(_arm_addsubdf3.o)
 .debug_frame   0x0000000000003b90       0x50 /opt/st/stm32cubeide_1.1.0/plugins/com.st.stm32cube.ide.mcu.externaltools.gnu-tools-for-stm32.7-2018-q2-update.linux64_1.0.0.201904181610/tools/bin/../lib/gcc/arm-none-eabi/7.3.1/thumb/v7e-m/fpv4-sp/hard/libgcc.a(_arm_muldivdf3.o)
 .debug_frame   0x0000000000003be0       0xc4 /opt/st/stm32cubeide_1.1.0/plugins/com.st.stm32cube.ide.mcu.externaltools.gnu-tools-for-stm32.7-2018-q2-update.linux64_1.0.0.201904181610/tools/bin/../lib/gcc/arm-none-eabi/7.3.1/thumb/v7e-m/fpv4-sp/hard/libgcc.a(_arm_cmpdf2.o)
 .debug_frame   0x0000000000003ca4       0x24 /opt/st/stm32cubeide_1.1.0/plugins/com.st.stm32cube.ide.mcu.externaltools.gnu-tools-for-stm32.7-2018-q2-update.linux64_1.0.0.201904181610/tools/bin/../lib/gcc/arm-none-eabi/7.3.1/thumb/v7e-m/fpv4-sp/hard/libgcc.a(_arm_fixdfsi.o)
 .debug_frame   0x0000000000003cc8       0x24 /opt/st/stm32cubeide_1.1.0/plugins/com.st.stm32cube.ide.mcu.externaltools.gnu-tools-for-stm32.7-2018-q2-update.linux64_1.0.0.201904181610/tools/bin/../lib/gcc/arm-none-eabi/7.3.1/thumb/v7e-m/fpv4-sp/hard/libgcc.a(_arm_truncdfsf2.o)
