Archive member included to satisfy reference by file (symbol)

/opt/st/stm32cubeide_1.1.0/plugins/com.st.stm32cube.ide.mcu.externaltools.gnu-tools-for-stm32.7-2018-q2-update.linux64_1.0.0.201904181610/tools/bin/../lib/gcc/arm-none-eabi/7.3.1/../../../../arm-none-eabi/lib/thumb/v7e-m/fpv4-sp/hard/libc_nano.a(lib_a-errno.o)
                              Core/Src/syscalls.o (__errno)
/opt/st/stm32cubeide_1.1.0/plugins/com.st.stm32cube.ide.mcu.externaltools.gnu-tools-for-stm32.7-2018-q2-update.linux64_1.0.0.201904181610/tools/bin/../lib/gcc/arm-none-eabi/7.3.1/../../../../arm-none-eabi/lib/thumb/v7e-m/fpv4-sp/hard/libc_nano.a(lib_a-exit.o)
                              /opt/st/stm32cubeide_1.1.0/plugins/com.st.stm32cube.ide.mcu.externaltools.gnu-tools-for-stm32.7-2018-q2-update.linux64_1.0.0.201904181610/tools/bin/../lib/gcc/arm-none-eabi/7.3.1/../../../../arm-none-eabi/lib/thumb/v7e-m/fpv4-sp/hard/crt0.o (exit)
/opt/st/stm32cubeide_1.1.0/plugins/com.st.stm32cube.ide.mcu.externaltools.gnu-tools-for-stm32.7-2018-q2-update.linux64_1.0.0.201904181610/tools/bin/../lib/gcc/arm-none-eabi/7.3.1/../../../../arm-none-eabi/lib/thumb/v7e-m/fpv4-sp/hard/libc_nano.a(lib_a-impure.o)
                              /opt/st/stm32cubeide_1.1.0/plugins/com.st.stm32cube.ide.mcu.externaltools.gnu-tools-for-stm32.7-2018-q2-update.linux64_1.0.0.201904181610/tools/bin/../lib/gcc/arm-none-eabi/7.3.1/../../../../arm-none-eabi/lib/thumb/v7e-m/fpv4-sp/hard/libc_nano.a(lib_a-exit.o) (_global_impure_ptr)
/opt/st/stm32cubeide_1.1.0/plugins/com.st.stm32cube.ide.mcu.externaltools.gnu-tools-for-stm32.7-2018-q2-update.linux64_1.0.0.201904181610/tools/bin/../lib/gcc/arm-none-eabi/7.3.1/../../../../arm-none-eabi/lib/thumb/v7e-m/fpv4-sp/hard/libc_nano.a(lib_a-init.o)
                              /opt/st/stm32cubeide_1.1.0/plugins/com.st.stm32cube.ide.mcu.externaltools.gnu-tools-for-stm32.7-2018-q2-update.linux64_1.0.0.201904181610/tools/bin/../lib/gcc/arm-none-eabi/7.3.1/../../../../arm-none-eabi/lib/thumb/v7e-m/fpv4-sp/hard/crt0.o (__libc_init_array)
/opt/st/stm32cubeide_1.1.0/plugins/com.st.stm32cube.ide.mcu.externaltools.gnu-tools-for-stm32.7-2018-q2-update.linux64_1.0.0.201904181610/tools/bin/../lib/gcc/arm-none-eabi/7.3.1/../../../../arm-none-eabi/lib/thumb/v7e-m/fpv4-sp/hard/libc_nano.a(lib_a-memset.o)
                              /opt/st/stm32cubeide_1.1.0/plugins/com.st.stm32cube.ide.mcu.externaltools.gnu-tools-for-stm32.7-2018-q2-update.linux64_1.0.0.201904181610/tools/bin/../lib/gcc/arm-none-eabi/7.3.1/../../../../arm-none-eabi/lib/thumb/v7e-m/fpv4-sp/hard/crt0.o (memset)
/opt/st/stm32cubeide_1.1.0/plugins/com.st.stm32cube.ide.mcu.externaltools.gnu-tools-for-stm32.7-2018-q2-update.linux64_1.0.0.201904181610/tools/bin/../lib/gcc/arm-none-eabi/7.3.1/thumb/v7e-m/fpv4-sp/hard/libgcc.a(_arm_addsubdf3.o)
                              Core/Src/voice.o (__aeabi_dsub)
/opt/st/stm32cubeide_1.1.0/plugins/com.st.stm32cube.ide.mcu.externaltools.gnu-tools-for-stm32.7-2018-q2-update.linux64_1.0.0.201904181610/tools/bin/../lib/gcc/arm-none-eabi/7.3.1/thumb/v7e-m/fpv4-sp/hard/libgcc.a(_arm_muldivdf3.o)
                              Core/Src/voice.o (__aeabi_dmul)
/opt/st/stm32cubeide_1.1.0/plugins/com.st.stm32cube.ide.mcu.externaltools.gnu-tools-for-stm32.7-2018-q2-update.linux64_1.0.0.201904181610/tools/bin/../lib/gcc/arm-none-eabi/7.3.1/thumb/v7e-m/fpv4-sp/hard/libgcc.a(_arm_cmpdf2.o)
                              Core/Src/voice.o (__aeabi_dcmplt)
/opt/st/stm32cubeide_1.1.0/plugins/com.st.stm32cube.ide.mcu.externaltools.gnu-tools-for-stm32.7-2018-q2-update.linux64_1.0.0.201904181610/tools/bin/../lib/gcc/arm-none-eabi/7.3.1/thumb/v7e-m/fpv4-sp/hard/libgcc.a(_arm_truncdfsf2.o)
                              Core/Src/voice.o (__aeabi_d2f)

Allocating common symbols
Common symbol       size              file

Rx_data             0x1               Core/Src/main.o
uwTick              0x4               Drivers/STM32F3xx_HAL_Driver/Src/stm32f3xx_hal.o
pFlash              0x20              Drivers/STM32F3xx_HAL_Driver/Src/stm32f3xx_hal_flash.o
huart1              0x80              Core/Src/main.o
hdac                0x14              Core/Src/main.o
voices              0x140             Core/Src/main.o
midiNoteTable       0x4               Core/Src/main.o
htim2               0x40              Core/Src/main.o

Discarded input sections

 .text          0x0000000000000000        0x0 /opt/st/stm32cubeide_1.1.0/plugins/com.st.stm32cube.ide.mcu.externaltools.gnu-tools-for-stm32.7-2018-q2-update.linux64_1.0.0.201904181610/tools/bin/../lib/gcc/arm-none-eabi/7.3.1/thumb/v7e-m/fpv4-sp/hard/crti.o
 .data          0x0000000000000000        0x0 /opt/st/stm32cubeide_1.1.0/plugins/com.st.stm32cube.ide.mcu.externaltools.gnu-tools-for-stm32.7-2018-q2-update.linux64_1.0.0.201904181610/tools/bin/../lib/gcc/arm-none-eabi/7.3.1/thumb/v7e-m/fpv4-sp/hard/crti.o
[...]
Memory Configuration

Name             Origin             Length             Attributes
RAM              0x0000000020000000 0x0000000000004000 xrw
FLASH            0x0000000008000000 0x0000000000010000 xr
*default*        0x0000000000000000 0xffffffffffffffff

Linker script and memory map

LOAD /opt/st/stm32cubeide_1.1.0/plugins/com.st.stm32cube.ide.mcu.externaltools.gnu-tools-for-stm32.7-2018-q2-update.linux64_1.0.0.201904181610/tools/bin/../lib/gcc/arm-none-eabi/7.3.1/thumb/v7e-m/fpv4-sp/hard/crti.o
LOAD /opt/st/stm32cubeide_1.1.0/plugins/com.st.stm32cube.ide.mcu.externaltools.gnu-tools-for-stm32.7-2018-q2-update.linux64_1.0.0.201904181610/tools/bin/../lib/gcc/arm-none-eabi/7.3.1/thumb/v7e-m/fpv4-sp/hard/crtbegin.o
LOAD /opt/st/stm32cubeide_1.1.0/plugins/com.st.stm32cube.ide.mcu.externaltools.gnu-tools-for-stm32.7-2018-q2-update.linux64_1.0.0.201904181610/tools/bin/../lib/gcc/arm-none-eabi/7.3.1/../../../../arm-none-eabi/lib/thumb/v7e-m/fpv4-sp/hard/crt0.o
LOAD Core/Src/main.o
LOAD Core/Src/midi.o
LOAD Core/Src/midi_callbacks.o
LOAD Core/Src/poly_channel.o
LOAD Core/Src/stm32f3xx_hal_msp.o
LOAD Core/Src/stm32f3xx_it.o
LOAD Core/Src/syscalls.o
LOAD Core/Src/sysmem.o
LOAD Core/Src/system_stm32f3xx.o
LOAD Core/Src/voice.o
LOAD Core/Startup/startup_stm32f302r8tx.o
LOAD Drivers/STM32F3xx_HAL_Driver/Src/stm32f3xx_hal.o
LOAD Drivers/STM32F3xx_HAL_Driver/Src/stm32f3xx_hal_cortex.o
LOAD Drivers/STM32F3xx_HAL_Driver/Src/stm32f3xx_hal_dac.o
LOAD Drivers/STM32F3xx_HAL_Driver/Src/stm32f3xx_hal_dac_ex.o
LOAD Drivers/STM32F3xx_HAL_Driver/Src/stm32f3xx_hal_dma.o
LOAD Drivers/STM32F3xx_HAL_Driver/Src/stm32f3xx_hal_exti.o
LOAD Drivers/STM32F3xx_HAL_Driver/Src/stm32f3xx_hal_flash.o
LOAD Drivers/STM32F3xx_HAL_Driver/Src/stm32f3xx_hal_flash_ex.o
LOAD Drivers/STM32F3xx_HAL_Driver/Src/stm32f3xx_hal_gpio.o
LOAD Drivers/STM32F3xx_HAL_Driver/Src/stm32f3xx_hal_i2c.o
LOAD Drivers/STM32F3xx_HAL_Driver/Src/stm32f3xx_hal_i2c_ex.o
LOAD Drivers/STM32F3xx_HAL_Driver/Src/stm32f3xx_hal_pwr.o
LOAD Drivers/STM32F3xx_HAL_Driver/Src/stm32f3xx_hal_pwr_ex.o
LOAD Drivers/STM32F3xx_HAL_Driver/Src/stm32f3xx_hal_rcc.o
LOAD Drivers/STM32F3xx_HAL_Driver/Src/stm32f3xx_hal_rcc_ex.o
LOAD Drivers/STM32F3xx_HAL_Driver/Src/stm32f3xx_hal_tim.o
LOAD Drivers/STM32F3xx_HAL_Driver/Src/stm32f3xx_hal_tim_ex.o
LOAD Drivers/STM32F3xx_HAL_Driver/Src/stm32f3xx_hal_uart.o
LOAD Drivers/STM32F3xx_HAL_Driver/Src/stm32f3xx_hal_uart_ex.o
START GROUP
LOAD /opt/st/stm32cubeide_1.1.0/plugins/com.st.stm32cube.ide.mcu.externaltools.gnu-tools-for-stm32.7-2018-q2-update.linux64_1.0.0.201904181610/tools/bin/../lib/gcc/arm-none-eabi/7.3.1/../../../../arm-none-eabi/lib/thumb/v7e-m/fpv4-sp/hard/libc_nano.a
LOAD /opt/st/stm32cubeide_1.1.0/plugins/com.st.stm32cube.ide.mcu.externaltools.gnu-tools-for-stm32.7-2018-q2-update.linux64_1.0.0.201904181610/tools/bin/../lib/gcc/arm-none-eabi/7.3.1/../../../../arm-none-eabi/lib/thumb/v7e-m/fpv4-sp/hard/libm.a
END GROUP
START GROUP
LOAD /opt/st/stm32cubeide_1.1.0/plugins/com.st.stm32cube.ide.mcu.externaltools.gnu-tools-for-stm32.7-2018-q2-update.linux64_1.0.0.201904181610/tools/bin/../lib/gcc/arm-none-eabi/7.3.1/thumb/v7e-m/fpv4-sp/hard/libgcc.a
LOAD /opt/st/stm32cubeide_1.1.0/plugins/com.st.stm32cube.ide.mcu.externaltools.gnu-tools-for-stm32.7-2018-q2-update.linux64_1.0.0.201904181610/tools/bin/../lib/gcc/arm-none-eabi/7.3.1/../../../../arm-none-eabi/lib/thumb/v7e-m/fpv4-sp/hard/libc_nano.a
END GROUP
START GROUP
LOAD /opt/st/stm32cubeide_1.1.0/plugins/com.st.stm32cube.ide.mcu.externaltools.gnu-tools-for-stm32.7-2018-q2-update.linux64_1.0.0.201904181610/tools/bin/../lib/gcc/arm-none-eabi/7.3.1/thumb/v7e-m/fpv4-sp/hard/libgcc.a
LOAD /opt/st/stm32cubeide_1.1.0/plugins/com.st.stm32cube.ide.mcu.externaltools.gnu-tools-for-stm32.7-2018-q2-update.linux64_1.0.0.201904181610/tools/bin/../lib/gcc/arm-none-eabi/7.3.1/../../../../arm-none-eabi/lib/thumb/v7e-m/fpv4-sp/hard/libc_nano.a
LOAD /opt/st/stm32cubeide_1.1.0/plugins/com.st.stm32cube.ide.mcu.externaltools.gnu-tools-for-stm32.7-2018-q2-update.linux64_1.0.0.201904181610/tools/bin/../lib/gcc/arm-none-eabi/7.3.1/../../../../arm-none-eabi/lib/thumb/v7e-m/fpv4-sp/hard/libnosys.a
END GROUP
START GROUP
LOAD /opt/st/stm32cubeide_1.1.0/plugins/com.st.stm32cube.ide.mcu.externaltools.gnu-tools-for-stm32.7-2018-q2-update.linux64_1.0.0.201904181610/tools/bin/../lib/gcc/arm-none-eabi/7.3.1/thumb/v7e-m/fpv4-sp/hard/libgcc.a
LOAD /opt/st/stm32cubeide_1.1.0/plugins/com.st.stm32cube.ide.mcu.externaltools.gnu-tools-for-stm32.7-2018-q2-update.linux64_1.0.0.201904181610/tools/bin/../lib/gcc/arm-none-eabi/7.3.1/../../../../arm-none-eabi/lib/thumb/v7e-m/fpv4-sp/hard/libc_nano.a
LOAD /opt/st/stm32cubeide_1.1.0/plugins/com.st.stm32cube.ide.mcu.externaltools.gnu-tools-for-stm32.7-2018-q2-update.linux64_1.0.0.201904181610/tools/bin/../lib/gcc/arm-none-eabi/7.3.1/../../../../arm-none-eabi/lib/thumb/v7e-m/fpv4-sp/hard/libnosys.a
END GROUP
LOAD /opt/st/stm32cubeide_1.1.0/plugins/com.st.stm32cube.ide.mcu.externaltools.gnu-tools-for-stm32.7-2018-q2-update.linux64_1.0.0.201904181610/tools/bin/../lib/gcc/arm-none-eabi/7.3.1/thumb/v7e-m/fpv4-sp/hard/crtend.o
LOAD /opt/st/stm32cubeide_1.1.0/plugins/com.st.stm32cube.ide.mcu.externaltools.gnu-tools-for-stm32.7-2018-q2-update.linux64_1.0.0.201904181610/tools/bin/../lib/gcc/arm-none-eabi/7.3.1/thumb/v7e-m/fpv4-sp/hard/crtn.o
                0x0000000020004000                _estack = (ORIGIN (RAM) + LENGTH (RAM))
                0x0000000000000200                _Min_Heap_Size = 0x200
                0x0000000000000400                _Min_Stack_Size = 0x400

.isr_vector     0x0000000008000000      0x188
                0x0000000008000000                . = ALIGN (0x4)
 *(.isr_vector)
 .isr_vector    0x0000000008000000      0x188 Core/Startup/startup_stm32f302r8tx.o
                0x0000000008000000                g_pfnVectors
                0x0000000008000188                . = ALIGN (0x4)

.text           0x0000000008000188     0x49dc
                0x0000000008000188                . = ALIGN (0x4)
 *(.text)
 .text          0x0000000008000188       0x40 /opt/st/stm32cubeide_1.1.0/plugins/com.st.stm32cube.ide.mcu.externaltools.gnu-tools-for-stm32.7-2018-q2-update.linux64_1.0.0.201904181610/tools/bin/../lib/gcc/arm-none-eabi/7.3.1/thumb/v7e-m/fpv4-sp/hard/crtbegin.o
 .text          0x00000000080001c8      0x378 /opt/st/stm32cubeide_1.1.0/plugins/com.st.stm32cube.ide.mcu.externaltools.gnu-tools-for-stm32.7-2018-q2-update.linux64_1.0.0.201904181610/tools/bin/../lib/gcc/arm-none-eabi/7.3.1/thumb/v7e-m/fpv4-sp/hard/libgcc.a(_arm_addsubdf3.o)
                0x00000000080001c8                __aeabi_drsub
                0x00000000080001d0                __aeabi_dsub
                0x00000000080001d0                __subdf3
                0x00000000080001d4                __adddf3
                0x00000000080001d4                __aeabi_dadd
                0x000000000800044c                __aeabi_ui2d
                0x000000000800044c                __floatunsidf
                0x000000000800046c                __floatsidf
                0x000000000800046c                __aeabi_i2d
                0x0000000008000490                __extendsfdf2
                0x0000000008000490                __aeabi_f2d
                0x00000000080004d4                __aeabi_ul2d
                0x00000000080004d4                __floatundidf
                0x00000000080004e4                __floatdidf
                0x00000000080004e4                __aeabi_l2d
 .text          0x0000000008000540      0x424 /opt/st/stm32cubeide_1.1.0/plugins/com.st.stm32cube.ide.mcu.externaltools.gnu-tools-for-stm32.7-2018-q2-update.linux64_1.0.0.201904181610/tools/bin/../lib/gcc/arm-none-eabi/7.3.1/thumb/v7e-m/fpv4-sp/hard/libgcc.a(_arm_muldivdf3.o)
                0x0000000008000540                __aeabi_dmul
                0x0000000008000540                __muldf3
                0x0000000008000794                __aeabi_ddiv
                0x0000000008000794                __divdf3
 .text          0x0000000008000964      0x110 /opt/st/stm32cubeide_1.1.0/plugins/com.st.stm32cube.ide.mcu.externaltools.gnu-tools-for-stm32.7-2018-q2-update.linux64_1.0.0.201904181610/tools/bin/../lib/gcc/arm-none-eabi/7.3.1/thumb/v7e-m/fpv4-sp/hard/libgcc.a(_arm_cmpdf2.o)
                0x0000000008000964                __gtdf2
                0x0000000008000964                __gedf2
                0x000000000800096c                __ltdf2
                0x000000000800096c                __ledf2
                0x0000000008000974                __cmpdf2
                0x0000000008000974                __eqdf2
                0x0000000008000974                __nedf2
                0x00000000080009f0                __aeabi_cdrcmple
                0x0000000008000a00                __aeabi_cdcmple
                0x0000000008000a00                __aeabi_cdcmpeq
                0x0000000008000a10                __aeabi_dcmpeq
                0x0000000008000a24                __aeabi_dcmplt
                0x0000000008000a38                __aeabi_dcmple
                0x0000000008000a4c                __aeabi_dcmpge
                0x0000000008000a60                __aeabi_dcmpgt
 .text          0x0000000008000a74       0xa0 /opt/st/stm32cubeide_1.1.0/plugins/com.st.stm32cube.ide.mcu.externaltools.gnu-tools-for-stm32.7-2018-q2-update.linux64_1.0.0.201904181610/tools/bin/../lib/gcc/arm-none-eabi/7.3.1/thumb/v7e-m/fpv4-sp/hard/libgcc.a(_arm_truncdfsf2.o)
                0x0000000008000a74                __aeabi_d2f
                0x0000000008000a74                __truncdfsf2
 *(.text*)
 .text.main     0x0000000008000b14       0x98 Core/Src/main.o
                0x0000000008000b14                main
 .text.SystemClock_Config
                0x0000000008000bac       0xac Core/Src/main.o
                0x0000000008000bac                SystemClock_Config
 .text.MX_DAC_Init
                0x0000000008000c58       0x54 Core/Src/main.o
 .text.MX_TIM2_Init
                0x0000000008000cac       0x9c Core/Src/main.o
 .text.MX_USART1_UART_Init
                0x0000000008000d48       0x60 Core/Src/main.o
 .text.MX_GPIO_Init
                0x0000000008000da8       0x98 Core/Src/main.o
 .text.HAL_UART_RxCpltCallback
                0x0000000008000e40       0x2c Core/Src/main.o
                0x0000000008000e40                HAL_UART_RxCpltCallback
 .text.Error_Handler
                0x0000000008000e6c        0xe Core/Src/main.o
                0x0000000008000e6c                Error_Handler
 .text.null_event_cb
                0x0000000008000e7a       0x1e Core/Src/midi.o
 .text.invoke_callback
                0x0000000008000e98       0x60 Core/Src/midi.o
 .text.rx_status_sys_realtime_byte
                0x0000000008000ef8       0x84 Core/Src/midi.o
 .text.rx_status_sys_common_byte
                0x0000000008000f7c       0x18 Core/Src/midi.o
 .text.rx_status_channel_byte
                0x0000000008000f94       0xa0 Core/Src/midi.o
 .text.rx_data_byte
                0x0000000008001034      0x150 Core/Src/midi.o
 .text.midi_init
                0x0000000008001184       0x38 Core/Src/midi.o
                0x0000000008001184                midi_init
 .text.midi_register_event_handler
                0x00000000080011bc       0x40 Core/Src/midi.o
                0x00000000080011bc                midi_register_event_handler
 .text.midi_receive_byte
                0x00000000080011fc       0x7c Core/Src/midi.o
                0x00000000080011fc                midi_receive_byte
 .text.note_on  0x0000000008001278       0xb0 Core/Src/midi_callbacks.o
                0x0000000008001278                note_on
 .text.note_off
                0x0000000008001328       0x8c Core/Src/midi_callbacks.o
                0x0000000008001328                note_off
 .text.HAL_MspInit
                0x00000000080013b4       0x48 Core/Src/stm32f3xx_hal_msp.o
                0x00000000080013b4                HAL_MspInit
 .text.HAL_DAC_MspInit
                0x00000000080013fc       0x7c Core/Src/stm32f3xx_hal_msp.o
                0x00000000080013fc                HAL_DAC_MspInit
 .text.HAL_TIM_Base_MspInit
                0x0000000008001478       0x48 Core/Src/stm32f3xx_hal_msp.o
                0x0000000008001478                HAL_TIM_Base_MspInit
 .text.HAL_UART_MspInit
                0x00000000080014c0       0x98 Core/Src/stm32f3xx_hal_msp.o
                0x00000000080014c0                HAL_UART_MspInit
 .text.NMI_Handler
                0x0000000008001558        0xe Core/Src/stm32f3xx_it.o
                0x0000000008001558                NMI_Handler
 .text.HardFault_Handler
                0x0000000008001566        0x6 Core/Src/stm32f3xx_it.o
                0x0000000008001566                HardFault_Handler
 .text.MemManage_Handler
                0x000000000800156c        0x6 Core/Src/stm32f3xx_it.o
                0x000000000800156c                MemManage_Handler
 .text.BusFault_Handler
                0x0000000008001572        0x6 Core/Src/stm32f3xx_it.o
                0x0000000008001572                BusFault_Handler
 .text.UsageFault_Handler
                0x0000000008001578        0x6 Core/Src/stm32f3xx_it.o
                0x0000000008001578                UsageFault_Handler
 .text.SVC_Handler
                0x000000000800157e        0xe Core/Src/stm32f3xx_it.o
                0x000000000800157e                SVC_Handler
 .text.DebugMon_Handler
                0x000000000800158c        0xe Core/Src/stm32f3xx_it.o
                0x000000000800158c                DebugMon_Handler
 .text.PendSV_Handler
                0x000000000800159a        0xe Core/Src/stm32f3xx_it.o
                0x000000000800159a                PendSV_Handler
 .text.SysTick_Handler
                0x00000000080015a8        0xc Core/Src/stm32f3xx_it.o
                0x00000000080015a8                SysTick_Handler
 .text.TIM2_IRQHandler
                0x00000000080015b4       0xbc Core/Src/stm32f3xx_it.o
                0x00000000080015b4                TIM2_IRQHandler
 .text.USART1_IRQHandler
                0x0000000008001670       0x14 Core/Src/stm32f3xx_it.o
                0x0000000008001670                USART1_IRQHandler
 .text.SystemInit
                0x0000000008001684       0x2c Core/Src/system_stm32f3xx.o
                0x0000000008001684                SystemInit
 .text.get_voice_out
                0x00000000080016b0       0x50 Core/Src/voice.o
                0x00000000080016b0                get_voice_out
 .text.update_voice
                0x0000000008001700      0x184 Core/Src/voice.o
                0x0000000008001700                update_voice
 .text.set_frequency
                0x0000000008001884       0x40 Core/Src/voice.o
                0x0000000008001884                set_frequency
 .text.Reset_Handler
                0x00000000080018c4       0x50 Core/Startup/startup_stm32f302r8tx.o
                0x00000000080018c4                Reset_Handler
 .text.Default_Handler
                0x0000000008001914        0x2 Core/Startup/startup_stm32f302r8tx.o
                0x0000000008001914                RTC_Alarm_IRQHandler
                0x0000000008001914                TIM1_CC_IRQHandler
                0x0000000008001914                USB_HP_IRQHandler
                0x0000000008001914                PVD_IRQHandler
                0x0000000008001914                TAMP_STAMP_IRQHandler
                0x0000000008001914                EXTI3_IRQHandler
                0x0000000008001914                I2C3_ER_IRQHandler
                0x0000000008001914                USB_HP_CAN_TX_IRQHandler
                0x0000000008001914                EXTI0_IRQHandler
                0x0000000008001914                I2C2_EV_IRQHandler
                0x0000000008001914                FPU_IRQHandler
                0x0000000008001914                TIM1_UP_TIM16_IRQHandler
                0x0000000008001914                CAN_SCE_IRQHandler
                0x0000000008001914                TIM6_DAC_IRQHandler
                0x0000000008001914                DMA1_Channel4_IRQHandler
                0x0000000008001914                ADC1_IRQHandler
                0x0000000008001914                USART3_IRQHandler
                0x0000000008001914                DMA1_Channel7_IRQHandler
                0x0000000008001914                CAN_RX1_IRQHandler
                0x0000000008001914                I2C1_EV_IRQHandler
                0x0000000008001914                DMA1_Channel6_IRQHandler
                0x0000000008001914                RCC_IRQHandler
                0x0000000008001914                DMA1_Channel1_IRQHandler
                0x0000000008001914                Default_Handler
                0x0000000008001914                USBWakeUp_RMP_IRQHandler
                0x0000000008001914                EXTI15_10_IRQHandler
                0x0000000008001914                COMP2_IRQHandler
                0x0000000008001914                I2C3_EV_IRQHandler
                0x0000000008001914                EXTI9_5_IRQHandler
                0x0000000008001914                RTC_WKUP_IRQHandler
                0x0000000008001914                SPI2_IRQHandler
                0x0000000008001914                USB_LP_CAN_RX0_IRQHandler
                0x0000000008001914                DMA1_Channel5_IRQHandler
                0x0000000008001914                USB_LP_IRQHandler
                0x0000000008001914                EXTI4_IRQHandler
                0x0000000008001914                TIM1_TRG_COM_TIM17_IRQHandler
                0x0000000008001914                DMA1_Channel3_IRQHandler
                0x0000000008001914                WWDG_IRQHandler
                0x0000000008001914                EXTI1_IRQHandler
                0x0000000008001914                COMP4_6_IRQHandler
                0x0000000008001914                USART2_IRQHandler
                0x0000000008001914                I2C2_ER_IRQHandler
                0x0000000008001914                DMA1_Channel2_IRQHandler
                0x0000000008001914                FLASH_IRQHandler
                0x0000000008001914                SPI3_IRQHandler
                0x0000000008001914                I2C1_ER_IRQHandler
                0x0000000008001914                USBWakeUp_IRQHandler
                0x0000000008001914                EXTI2_TSC_IRQHandler
                0x0000000008001914                TIM1_BRK_TIM15_IRQHandler
 *fill*         0x0000000008001916        0x2 
 .text.HAL_Init
                0x0000000008001918       0x2c Drivers/STM32F3xx_HAL_Driver/Src/stm32f3xx_hal.o
                0x0000000008001918                HAL_Init
 .text.HAL_InitTick
                0x0000000008001944       0x60 Drivers/STM32F3xx_HAL_Driver/Src/stm32f3xx_hal.o
                0x0000000008001944                HAL_InitTick
 .text.HAL_IncTick
                0x00000000080019a4       0x28 Drivers/STM32F3xx_HAL_Driver/Src/stm32f3xx_hal.o
                0x00000000080019a4                HAL_IncTick
 .text.HAL_GetTick
                0x00000000080019cc       0x18 Drivers/STM32F3xx_HAL_Driver/Src/stm32f3xx_hal.o
                0x00000000080019cc                HAL_GetTick
 .text.__NVIC_SetPriorityGrouping
                0x00000000080019e4       0x48 Drivers/STM32F3xx_HAL_Driver/Src/stm32f3xx_hal_cortex.o
 .text.__NVIC_GetPriorityGrouping
                0x0000000008001a2c       0x1c Drivers/STM32F3xx_HAL_Driver/Src/stm32f3xx_hal_cortex.o
 .text.__NVIC_EnableIRQ
                0x0000000008001a48       0x3c Drivers/STM32F3xx_HAL_Driver/Src/stm32f3xx_hal_cortex.o
 .text.__NVIC_SetPriority
                0x0000000008001a84       0x54 Drivers/STM32F3xx_HAL_Driver/Src/stm32f3xx_hal_cortex.o
 .text.NVIC_EncodePriority
                0x0000000008001ad8       0x66 Drivers/STM32F3xx_HAL_Driver/Src/stm32f3xx_hal_cortex.o
 *fill*         0x0000000008001b3e        0x2 
 .text.SysTick_Config
                0x0000000008001b40       0x44 Drivers/STM32F3xx_HAL_Driver/Src/stm32f3xx_hal_cortex.o
 .text.HAL_NVIC_SetPriorityGrouping
                0x0000000008001b84       0x16 Drivers/STM32F3xx_HAL_Driver/Src/stm32f3xx_hal_cortex.o
                0x0000000008001b84                HAL_NVIC_SetPriorityGrouping
 .text.HAL_NVIC_SetPriority
                0x0000000008001b9a       0x38 Drivers/STM32F3xx_HAL_Driver/Src/stm32f3xx_hal_cortex.o
                0x0000000008001b9a                HAL_NVIC_SetPriority
 .text.HAL_NVIC_EnableIRQ
                0x0000000008001bd2       0x1c Drivers/STM32F3xx_HAL_Driver/Src/stm32f3xx_hal_cortex.o
                0x0000000008001bd2                HAL_NVIC_EnableIRQ
 .text.HAL_SYSTICK_Config
                0x0000000008001bee       0x18 Drivers/STM32F3xx_HAL_Driver/Src/stm32f3xx_hal_cortex.o
                0x0000000008001bee                HAL_SYSTICK_Config
 .text.HAL_DAC_Init
                0x0000000008001c06       0x44 Drivers/STM32F3xx_HAL_Driver/Src/stm32f3xx_hal_dac.o
                0x0000000008001c06                HAL_DAC_Init
 .text.HAL_DAC_SetValue
                0x0000000008001c4a       0x3e Drivers/STM32F3xx_HAL_Driver/Src/stm32f3xx_hal_dac_ex.o
                0x0000000008001c4a                HAL_DAC_SetValue
 .text.HAL_DAC_Start
                0x0000000008001c88       0x6e Drivers/STM32F3xx_HAL_Driver/Src/stm32f3xx_hal_dac_ex.o
                0x0000000008001c88                HAL_DAC_Start
 .text.HAL_DAC_ConfigChannel
                0x0000000008001cf6       0x9a Drivers/STM32F3xx_HAL_Driver/Src/stm32f3xx_hal_dac_ex.o
                0x0000000008001cf6                HAL_DAC_ConfigChannel
 .text.HAL_DMA_Abort_IT
                0x0000000008001d90       0x7c Drivers/STM32F3xx_HAL_Driver/Src/stm32f3xx_hal_dma.o
                0x0000000008001d90                HAL_DMA_Abort_IT
 .text.HAL_GPIO_Init
                0x0000000008001e0c      0x2e4 Drivers/STM32F3xx_HAL_Driver/Src/stm32f3xx_hal_gpio.o
                0x0000000008001e0c                HAL_GPIO_Init
 .text.HAL_GPIO_WritePin
                0x00000000080020f0       0x30 Drivers/STM32F3xx_HAL_Driver/Src/stm32f3xx_hal_gpio.o
                0x00000000080020f0                HAL_GPIO_WritePin
 .text.HAL_RCC_OscConfig
                0x0000000008002120      0xe10 Drivers/STM32F3xx_HAL_Driver/Src/stm32f3xx_hal_rcc.o
                0x0000000008002120                HAL_RCC_OscConfig
 .text.HAL_RCC_ClockConfig
                0x0000000008002f30      0x2f8 Drivers/STM32F3xx_HAL_Driver/Src/stm32f3xx_hal_rcc.o
                0x0000000008002f30                HAL_RCC_ClockConfig
 .text.HAL_RCC_GetSysClockFreq
                0x0000000008003228       0xd4 Drivers/STM32F3xx_HAL_Driver/Src/stm32f3xx_hal_rcc.o
                0x0000000008003228                HAL_RCC_GetSysClockFreq
 .text.HAL_RCC_GetHCLKFreq
                0x00000000080032fc       0x18 Drivers/STM32F3xx_HAL_Driver/Src/stm32f3xx_hal_rcc.o
                0x00000000080032fc                HAL_RCC_GetHCLKFreq
 .text.HAL_RCC_GetPCLK1Freq
                0x0000000008003314       0x44 Drivers/STM32F3xx_HAL_Driver/Src/stm32f3xx_hal_rcc.o
                0x0000000008003314                HAL_RCC_GetPCLK1Freq
 .text.HAL_RCC_GetPCLK2Freq
                0x0000000008003358       0x44 Drivers/STM32F3xx_HAL_Driver/Src/stm32f3xx_hal_rcc.o
                0x0000000008003358                HAL_RCC_GetPCLK2Freq
 .text.HAL_RCCEx_PeriphCLKConfig
                0x000000000800339c      0x324 Drivers/STM32F3xx_HAL_Driver/Src/stm32f3xx_hal_rcc_ex.o
                0x000000000800339c                HAL_RCCEx_PeriphCLKConfig
 .text.HAL_TIM_Base_Init
                0x00000000080036c0       0x56 Drivers/STM32F3xx_HAL_Driver/Src/stm32f3xx_hal_tim.o
                0x00000000080036c0                HAL_TIM_Base_Init
 *fill*         0x0000000008003716        0x2 
 .text.HAL_TIM_Base_Start_IT
                0x0000000008003718       0x54 Drivers/STM32F3xx_HAL_Driver/Src/stm32f3xx_hal_tim.o
                0x0000000008003718                HAL_TIM_Base_Start_IT
 .text.HAL_TIM_IRQHandler
                0x000000000800376c      0x23e Drivers/STM32F3xx_HAL_Driver/Src/stm32f3xx_hal_tim.o
                0x000000000800376c                HAL_TIM_IRQHandler
 .text.HAL_TIM_ConfigClockSource
                0x00000000080039aa      0x172 Drivers/STM32F3xx_HAL_Driver/Src/stm32f3xx_hal_tim.o
                0x00000000080039aa                HAL_TIM_ConfigClockSource
 .text.HAL_TIM_PeriodElapsedCallback
                0x0000000008003b1c       0x14 Drivers/STM32F3xx_HAL_Driver/Src/stm32f3xx_hal_tim.o
                0x0000000008003b1c                HAL_TIM_PeriodElapsedCallback
 .text.HAL_TIM_OC_DelayElapsedCallback
                0x0000000008003b30       0x14 Drivers/STM32F3xx_HAL_Driver/Src/stm32f3xx_hal_tim.o
                0x0000000008003b30                HAL_TIM_OC_DelayElapsedCallback
 .text.HAL_TIM_IC_CaptureCallback
                0x0000000008003b44       0x14 Drivers/STM32F3xx_HAL_Driver/Src/stm32f3xx_hal_tim.o
                0x0000000008003b44                HAL_TIM_IC_CaptureCallback
 .text.HAL_TIM_PWM_PulseFinishedCallback
                0x0000000008003b58       0x14 Drivers/STM32F3xx_HAL_Driver/Src/stm32f3xx_hal_tim.o
                0x0000000008003b58                HAL_TIM_PWM_PulseFinishedCallback
 .text.HAL_TIM_TriggerCallback
                0x0000000008003b6c       0x14 Drivers/STM32F3xx_HAL_Driver/Src/stm32f3xx_hal_tim.o
                0x0000000008003b6c                HAL_TIM_TriggerCallback
 .text.TIM_Base_SetConfig
                0x0000000008003b80       0xdc Drivers/STM32F3xx_HAL_Driver/Src/stm32f3xx_hal_tim.o
                0x0000000008003b80                TIM_Base_SetConfig
 .text.TIM_TI1_ConfigInputStage
                0x0000000008003c5c       0x5e Drivers/STM32F3xx_HAL_Driver/Src/stm32f3xx_hal_tim.o
 .text.TIM_TI2_ConfigInputStage
                0x0000000008003cba       0x60 Drivers/STM32F3xx_HAL_Driver/Src/stm32f3xx_hal_tim.o
 .text.TIM_ITRx_SetConfig
                0x0000000008003d1a       0x36 Drivers/STM32F3xx_HAL_Driver/Src/stm32f3xx_hal_tim.o
 .text.TIM_ETR_SetConfig
                0x0000000008003d50       0x40 Drivers/STM32F3xx_HAL_Driver/Src/stm32f3xx_hal_tim.o
                0x0000000008003d50                TIM_ETR_SetConfig
 .text.HAL_TIMEx_MasterConfigSynchronization
                0x0000000008003d90       0xcc Drivers/STM32F3xx_HAL_Driver/Src/stm32f3xx_hal_tim_ex.o
                0x0000000008003d90                HAL_TIMEx_MasterConfigSynchronization
 .text.HAL_TIMEx_CommutCallback
                0x0000000008003e5c       0x14 Drivers/STM32F3xx_HAL_Driver/Src/stm32f3xx_hal_tim_ex.o
                0x0000000008003e5c                HAL_TIMEx_CommutCallback
 .text.HAL_TIMEx_BreakCallback
                0x0000000008003e70       0x14 Drivers/STM32F3xx_HAL_Driver/Src/stm32f3xx_hal_tim_ex.o
                0x0000000008003e70                HAL_TIMEx_BreakCallback
 .text.HAL_TIMEx_Break2Callback
                0x0000000008003e84       0x14 Drivers/STM32F3xx_HAL_Driver/Src/stm32f3xx_hal_tim_ex.o
                0x0000000008003e84                HAL_TIMEx_Break2Callback
 .text.HAL_UART_Init
                0x0000000008003e98       0x9c Drivers/STM32F3xx_HAL_Driver/Src/stm32f3xx_hal_uart.o
                0x0000000008003e98                HAL_UART_Init
 .text.HAL_UART_Receive_IT
                0x0000000008003f34      0x144 Drivers/STM32F3xx_HAL_Driver/Src/stm32f3xx_hal_uart.o
                0x0000000008003f34                HAL_UART_Receive_IT
 .text.HAL_UART_IRQHandler
                0x0000000008004078      0x28c Drivers/STM32F3xx_HAL_Driver/Src/stm32f3xx_hal_uart.o
                0x0000000008004078                HAL_UART_IRQHandler
 .text.HAL_UART_TxCpltCallback
                0x0000000008004304       0x14 Drivers/STM32F3xx_HAL_Driver/Src/stm32f3xx_hal_uart.o
                0x0000000008004304                HAL_UART_TxCpltCallback
 .text.HAL_UART_ErrorCallback
                0x0000000008004318       0x14 Drivers/STM32F3xx_HAL_Driver/Src/stm32f3xx_hal_uart.o
                0x0000000008004318                HAL_UART_ErrorCallback
 .text.UART_SetConfig
                0x000000000800432c      0x304 Drivers/STM32F3xx_HAL_Driver/Src/stm32f3xx_hal_uart.o
                0x000000000800432c                UART_SetConfig
 .text.UART_AdvFeatureConfig
                0x0000000008004630      0x144 Drivers/STM32F3xx_HAL_Driver/Src/stm32f3xx_hal_uart.o
                0x0000000008004630                UART_AdvFeatureConfig
 .text.UART_CheckIdleState
                0x0000000008004774       0x8a Drivers/STM32F3xx_HAL_Driver/Src/stm32f3xx_hal_uart.o
                0x0000000008004774                UART_CheckIdleState
 .text.UART_WaitOnFlagUntilTimeout
                0x00000000080047fe       0xf6 Drivers/STM32F3xx_HAL_Driver/Src/stm32f3xx_hal_uart.o
                0x00000000080047fe                UART_WaitOnFlagUntilTimeout
 .text.UART_EndRxTransfer
                0x00000000080048f4       0x40 Drivers/STM32F3xx_HAL_Driver/Src/stm32f3xx_hal_uart.o
 .text.UART_DMAAbortOnError
                0x0000000008004934       0x2c Drivers/STM32F3xx_HAL_Driver/Src/stm32f3xx_hal_uart.o
 .text.UART_EndTransmit_IT
                0x0000000008004960       0x32 Drivers/STM32F3xx_HAL_Driver/Src/stm32f3xx_hal_uart.o
 .text.UART_RxISR_8BIT
                0x0000000008004992       0xa6 Drivers/STM32F3xx_HAL_Driver/Src/stm32f3xx_hal_uart.o
 .text.UART_RxISR_16BIT
                0x0000000008004a38       0xa6 Drivers/STM32F3xx_HAL_Driver/Src/stm32f3xx_hal_uart.o
 .text.HAL_UARTEx_WakeupCallback
                0x0000000008004ade       0x14 Drivers/STM32F3xx_HAL_Driver/Src/stm32f3xx_hal_uart_ex.o
                0x0000000008004ade                HAL_UARTEx_WakeupCallback
 *fill*         0x0000000008004af2        0x2 
 .text.__libc_init_array
                0x0000000008004af4       0x48 /opt/st/stm32cubeide_1.1.0/plugins/com.st.stm32cube.ide.mcu.externaltools.gnu-tools-for-stm32.7-2018-q2-update.linux64_1.0.0.201904181610/tools/bin/../lib/gcc/arm-none-eabi/7.3.1/../../../../arm-none-eabi/lib/thumb/v7e-m/fpv4-sp/hard/libc_nano.a(lib_a-init.o)
                0x0000000008004af4                __libc_init_array
 .text.memset   0x0000000008004b3c       0x10 /opt/st/stm32cubeide_1.1.0/plugins/com.st.stm32cube.ide.mcu.externaltools.gnu-tools-for-stm32.7-2018-q2-update.linux64_1.0.0.201904181610/tools/bin/../lib/gcc/arm-none-eabi/7.3.1/../../../../arm-none-eabi/lib/thumb/v7e-m/fpv4-sp/hard/libc_nano.a(lib_a-memset.o)
                0x0000000008004b3c                memset
 *(.glue_7)
 .glue_7        0x0000000008004b4c        0x0 linker stubs
 *(.glue_7t)
 .glue_7t       0x0000000008004b4c        0x0 linker stubs
 *(.eh_frame)
 .eh_frame      0x0000000008004b4c        0x0 /opt/st/stm32cubeide_1.1.0/plugins/com.st.stm32cube.ide.mcu.externaltools.gnu-tools-for-stm32.7-2018-q2-update.linux64_1.0.0.201904181610/tools/bin/../lib/gcc/arm-none-eabi/7.3.1/thumb/v7e-m/fpv4-sp/hard/crtbegin.o
 *(.init)
 .init          0x0000000008004b4c        0x4 /opt/st/stm32cubeide_1.1.0/plugins/com.st.stm32cube.ide.mcu.externaltools.gnu-tools-for-stm32.7-2018-q2-update.linux64_1.0.0.201904181610/tools/bin/../lib/gcc/arm-none-eabi/7.3.1/thumb/v7e-m/fpv4-sp/hard/crti.o
                0x0000000008004b4c                _init
 .init          0x0000000008004b50        0x8 /opt/st/stm32cubeide_1.1.0/plugins/com.st.stm32cube.ide.mcu.externaltools.gnu-tools-for-stm32.7-2018-q2-update.linux64_1.0.0.201904181610/tools/bin/../lib/gcc/arm-none-eabi/7.3.1/thumb/v7e-m/fpv4-sp/hard/crtn.o
 *(.fini)
 .fini          0x0000000008004b58        0x4 /opt/st/stm32cubeide_1.1.0/plugins/com.st.stm32cube.ide.mcu.externaltools.gnu-tools-for-stm32.7-2018-q2-update.linux64_1.0.0.201904181610/tools/bin/../lib/gcc/arm-none-eabi/7.3.1/thumb/v7e-m/fpv4-sp/hard/crti.o
                0x0000000008004b58                _fini
 .fini          0x0000000008004b5c        0x8 /opt/st/stm32cubeide_1.1.0/plugins/com.st.stm32cube.ide.mcu.externaltools.gnu-tools-for-stm32.7-2018-q2-update.linux64_1.0.0.201904181610/tools/bin/../lib/gcc/arm-none-eabi/7.3.1/thumb/v7e-m/fpv4-sp/hard/crtn.o
                0x0000000008004b64                . = ALIGN (0x4)
                0x0000000008004b64                _etext = .

.vfp11_veneer   0x0000000008004b64        0x0
 .vfp11_veneer  0x0000000008004b64        0x0 linker stubs

.v4_bx          0x0000000008004b64        0x0
 .v4_bx         0x0000000008004b64        0x0 linker stubs

.iplt           0x0000000008004b64        0x0
 .iplt          0x0000000008004b64        0x0 /opt/st/stm32cubeide_1.1.0/plugins/com.st.stm32cube.ide.mcu.externaltools.gnu-tools-for-stm32.7-2018-q2-update.linux64_1.0.0.201904181610/tools/bin/../lib/gcc/arm-none-eabi/7.3.1/thumb/v7e-m/fpv4-sp/hard/crtbegin.o

.rodata         0x0000000008004b64       0x38
                0x0000000008004b64                . = ALIGN (0x4)
 *(.rodata)
 *(.rodata*)
 .rodata.AHBPrescTable
                0x0000000008004b64       0x10 Core/Src/system_stm32f3xx.o
                0x0000000008004b64                AHBPrescTable
 .rodata.APBPrescTable
                0x0000000008004b74        0x8 Core/Src/system_stm32f3xx.o
                0x0000000008004b74                APBPrescTable
 .rodata.aPLLMULFactorTable
                0x0000000008004b7c       0x10 Drivers/STM32F3xx_HAL_Driver/Src/stm32f3xx_hal_rcc.o
                0x0000000008004b7c                aPLLMULFactorTable
 .rodata.aPredivFactorTable
                0x0000000008004b8c       0x10 Drivers/STM32F3xx_HAL_Driver/Src/stm32f3xx_hal_rcc.o
                0x0000000008004b8c                aPredivFactorTable
                0x0000000008004b9c                . = ALIGN (0x4)

.rel.dyn        0x0000000008004b9c        0x0
 .rel.iplt      0x0000000008004b9c        0x0 /opt/st/stm32cubeide_1.1.0/plugins/com.st.stm32cube.ide.mcu.externaltools.gnu-tools-for-stm32.7-2018-q2-update.linux64_1.0.0.201904181610/tools/bin/../lib/gcc/arm-none-eabi/7.3.1/thumb/v7e-m/fpv4-sp/hard/crtbegin.o

.ARM.extab      0x0000000008004b9c        0x0
                0x0000000008004b9c                . = ALIGN (0x4)
 *(.ARM.extab* .gnu.linkonce.armextab.*)
                0x0000000008004b9c                . = ALIGN (0x4)

.ARM            0x0000000008004b9c        0x0
                0x0000000008004b9c                . = ALIGN (0x4)
                0x0000000008004b9c                __exidx_start = .
 *(.ARM.exidx*)
                0x0000000008004b9c                __exidx_end = .
                0x0000000008004b9c                . = ALIGN (0x4)

.preinit_array  0x0000000008004b9c        0x0
                0x0000000008004b9c                . = ALIGN (0x4)
                0x0000000008004b9c                PROVIDE (__preinit_array_start = .)
 *(.preinit_array*)
                0x0000000008004b9c                PROVIDE (__preinit_array_end = .)
                0x0000000008004b9c                . = ALIGN (0x4)

.init_array     0x0000000008004b9c        0x4
                0x0000000008004b9c                . = ALIGN (0x4)
                0x0000000008004b9c                PROVIDE (__init_array_start = .)
 *(SORT_BY_NAME(.init_array.*))
 *(.init_array*)
 .init_array    0x0000000008004b9c        0x4 /opt/st/stm32cubeide_1.1.0/plugins/com.st.stm32cube.ide.mcu.externaltools.gnu-tools-for-stm32.7-2018-q2-update.linux64_1.0.0.201904181610/tools/bin/../lib/gcc/arm-none-eabi/7.3.1/thumb/v7e-m/fpv4-sp/hard/crtbegin.o
                0x0000000008004ba0                PROVIDE (__init_array_end = .)
                0x0000000008004ba0                . = ALIGN (0x4)

.fini_array     0x0000000008004ba0        0x4
                0x0000000008004ba0                . = ALIGN (0x4)
                [!provide]                        PROVIDE (__fini_array_start = .)
 *(SORT_BY_NAME(.fini_array.*))
 *(.fini_array*)
 .fini_array    0x0000000008004ba0        0x4 /opt/st/stm32cubeide_1.1.0/plugins/com.st.stm32cube.ide.mcu.externaltools.gnu-tools-for-stm32.7-2018-q2-update.linux64_1.0.0.201904181610/tools/bin/../lib/gcc/arm-none-eabi/7.3.1/thumb/v7e-m/fpv4-sp/hard/crtbegin.o
                [!provide]                        PROVIDE (__fini_array_end = .)
                0x0000000008004ba4                . = ALIGN (0x4)
                0x0000000008004ba4                _sidata = LOADADDR (.data)

.data           0x0000000020000000      0x40c load address 0x0000000008004ba4
                0x0000000020000000                . = ALIGN (0x4)
                0x0000000020000000                _sdata = .
 *(.data)
 *(.data*)
 .data.VOICE_TOTAL
                0x0000000020000000        0x4 Core/Src/main.o
                0x0000000020000000                VOICE_TOTAL
 .data.midiFreqTable
                0x0000000020000004      0x1fc Core/Src/midi_callbacks.o
                0x0000000020000004                midiFreqTable
 .data.SystemCoreClock
                0x0000000020000200        0x4 Core/Src/system_stm32f3xx.o
                0x0000000020000200                SystemCoreClock
 .data.wavetable_sine
                0x0000000020000204      0x200 Core/Src/voice.o
                0x0000000020000204                wavetable_sine
 .data.uwTickPrio
                0x0000000020000404        0x4 Drivers/STM32F3xx_HAL_Driver/Src/stm32f3xx_hal.o
                0x0000000020000404                uwTickPrio
 .data.uwTickFreq
                0x0000000020000408        0x1 Drivers/STM32F3xx_HAL_Driver/Src/stm32f3xx_hal.o
                0x0000000020000408                uwTickFreq
                0x000000002000040c                . = ALIGN (0x4)
 *fill*         0x0000000020000409        0x3 
                0x000000002000040c                _edata = .

.igot.plt       0x000000002000040c        0x0 load address 0x0000000008004fb0
 .igot.plt      0x000000002000040c        0x0 /opt/st/stm32cubeide_1.1.0/plugins/com.st.stm32cube.ide.mcu.externaltools.gnu-tools-for-stm32.7-2018-q2-update.linux64_1.0.0.201904181610/tools/bin/../lib/gcc/arm-none-eabi/7.3.1/thumb/v7e-m/fpv4-sp/hard/crtbegin.o
                0x000000002000040c                . = ALIGN (0x4)

.bss            0x000000002000040c      0x290 load address 0x0000000008004fb0
                0x000000002000040c                _sbss = .
                0x000000002000040c                __bss_start__ = _sbss
 *(.bss)
 .bss           0x000000002000040c       0x1c /opt/st/stm32cubeide_1.1.0/plugins/com.st.stm32cube.ide.mcu.externaltools.gnu-tools-for-stm32.7-2018-q2-update.linux64_1.0.0.201904181610/tools/bin/../lib/gcc/arm-none-eabi/7.3.1/thumb/v7e-m/fpv4-sp/hard/crtbegin.o
 *(.bss*)
 .bss.g_state   0x0000000020000428        0x1 Core/Src/midi.o
 .bss.g_debug_last_status_byte
                0x0000000020000429        0x1 Core/Src/midi.o
 .bss.g_debug_last_data_byte
                0x000000002000042a        0x1 Core/Src/midi.o
 .bss.g_current_channel
                0x000000002000042b        0x1 Core/Src/midi.o
 .bss.g_data_byte_one
                0x000000002000042c        0x1 Core/Src/midi.o
 .bss.g_data_byte_two
                0x000000002000042d        0x1 Core/Src/midi.o
 *fill*         0x000000002000042e        0x2 
 .bss.g_message_counter
                0x0000000020000430        0x4 Core/Src/midi.o
 .bss.g_callbacks
                0x0000000020000434       0x3c Core/Src/midi.o
 .bss.lastVoice
                0x0000000020000470        0x4 Core/Src/midi_callbacks.o
                0x0000000020000470                lastVoice
 .bss.out       0x0000000020000474        0x4 Core/Src/stm32f3xx_it.o
                0x0000000020000474                out
 .bss.activeCount
                0x0000000020000478        0x4 Core/Src/stm32f3xx_it.o
                0x0000000020000478                activeCount
 *(COMMON)
 COMMON         0x000000002000047c      0x21c Core/Src/main.o
                0x000000002000047c                Rx_data
                0x0000000020000480                huart1
                0x0000000020000500                hdac
                0x0000000020000514                voices
                0x0000000020000654                midiNoteTable
                0x0000000020000658                htim2
 COMMON         0x0000000020000698        0x4 Drivers/STM32F3xx_HAL_Driver/Src/stm32f3xx_hal.o
                0x0000000020000698                uwTick
                0x000000002000069c                . = ALIGN (0x4)
                0x000000002000069c                _ebss = .
                0x000000002000069c                __bss_end__ = _ebss

._user_heap_stack
                0x000000002000069c      0x604 load address 0x0000000008004fb0
                0x00000000200006a0                . = ALIGN (0x8)
 *fill*         0x000000002000069c        0x4 
                0x00000000200006a0                PROVIDE (end = .)
                [!provide]                        PROVIDE (_end = .)
                0x00000000200008a0                . = (. + _Min_Heap_Size)
 *fill*         0x00000000200006a0      0x200 
                0x0000000020000ca0                . = (. + _Min_Stack_Size)
 *fill*         0x00000000200008a0      0x400 
                0x0000000020000ca0                . = ALIGN (0x8)

/DISCARD/
 libc.a(*)
 libm.a(*)
 libgcc.a(*)

.ARM.attributes
                0x0000000000000000       0x30
 *(.ARM.attributes)
 .ARM.attributes
                0x0000000000000000       0x22 /opt/st/stm32cubeide_1.1.0/plugins/com.st.stm32cube.ide.mcu.externaltools.gnu-tools-for-stm32.7-2018-q2-update.linux64_1.0.0.201904181610/tools/bin/../lib/gcc/arm-none-eabi/7.3.1/thumb/v7e-m/fpv4-sp/hard/crti.o
 .ARM.attributes
                0x0000000000000022       0x34 /opt/st/stm32cubeide_1.1.0/plugins/com.st.stm32cube.ide.mcu.externaltools.gnu-tools-for-stm32.7-2018-q2-update.linux64_1.0.0.201904181610/tools/bin/../lib/gcc/arm-none-eabi/7.3.1/thumb/v7e-m/fpv4-sp/hard/crtbegin.o
 .ARM.attributes
                0x0000000000000056       0x39 Core/Src/main.o
 .ARM.attributes
                0x000000000000008f       0x39 Core/Src/midi.o
 .ARM.attributes
                0x00000000000000c8       0x39 Core/Src/midi_callbacks.o
 .ARM.attributes
                0x0000000000000101       0x39 Core/Src/stm32f3xx_hal_msp.o
 .ARM.attributes
                0x000000000000013a       0x39 Core/Src/stm32f3xx_it.o
 .ARM.attributes
                0x0000000000000173       0x39 Core/Src/system_stm32f3xx.o
 .ARM.attributes
                0x00000000000001ac       0x39 Core/Src/voice.o
 .ARM.attributes
                0x00000000000001e5       0x21 Core/Startup/startup_stm32f302r8tx.o
 .ARM.attributes
                0x0000000000000206       0x39 Drivers/STM32F3xx_HAL_Driver/Src/stm32f3xx_hal.o
 .ARM.attributes
                0x000000000000023f       0x39 Drivers/STM32F3xx_HAL_Driver/Src/stm32f3xx_hal_cortex.o
 .ARM.attributes
                0x0000000000000278       0x39 Drivers/STM32F3xx_HAL_Driver/Src/stm32f3xx_hal_dac.o
 .ARM.attributes
                0x00000000000002b1       0x39 Drivers/STM32F3xx_HAL_Driver/Src/stm32f3xx_hal_dac_ex.o
 .ARM.attributes
                0x00000000000002ea       0x39 Drivers/STM32F3xx_HAL_Driver/Src/stm32f3xx_hal_dma.o
 .ARM.attributes
                0x0000000000000323       0x39 Drivers/STM32F3xx_HAL_Driver/Src/stm32f3xx_hal_gpio.o
 .ARM.attributes
                0x000000000000035c       0x39 Drivers/STM32F3xx_HAL_Driver/Src/stm32f3xx_hal_rcc.o
 .ARM.attributes
                0x0000000000000395       0x39 Drivers/STM32F3xx_HAL_Driver/Src/stm32f3xx_hal_rcc_ex.o
 .ARM.attributes
                0x00000000000003ce       0x39 Drivers/STM32F3xx_HAL_Driver/Src/stm32f3xx_hal_tim.o
 .ARM.attributes
                0x0000000000000407       0x39 Drivers/STM32F3xx_HAL_Driver/Src/stm32f3xx_hal_tim_ex.o
 .ARM.attributes
                0x0000000000000440       0x39 Drivers/STM32F3xx_HAL_Driver/Src/stm32f3xx_hal_uart.o
 .ARM.attributes
                0x0000000000000479       0x39 Drivers/STM32F3xx_HAL_Driver/Src/stm32f3xx_hal_uart_ex.o
 .ARM.attributes
                0x00000000000004b2       0x34 /opt/st/stm32cubeide_1.1.0/plugins/com.st.stm32cube.ide.mcu.externaltools.gnu-tools-for-stm32.7-2018-q2-update.linux64_1.0.0.201904181610/tools/bin/../lib/gcc/arm-none-eabi/7.3.1/../../../../arm-none-eabi/lib/thumb/v7e-m/fpv4-sp/hard/libc_nano.a(lib_a-init.o)
 .ARM.attributes
                0x00000000000004e6       0x34 /opt/st/stm32cubeide_1.1.0/plugins/com.st.stm32cube.ide.mcu.externaltools.gnu-tools-for-stm32.7-2018-q2-update.linux64_1.0.0.201904181610/tools/bin/../lib/gcc/arm-none-eabi/7.3.1/../../../../arm-none-eabi/lib/thumb/v7e-m/fpv4-sp/hard/libc_nano.a(lib_a-memset.o)
 .ARM.attributes
                0x000000000000051a       0x22 /opt/st/stm32cubeide_1.1.0/plugins/com.st.stm32cube.ide.mcu.externaltools.gnu-tools-for-stm32.7-2018-q2-update.linux64_1.0.0.201904181610/tools/bin/../lib/gcc/arm-none-eabi/7.3.1/thumb/v7e-m/fpv4-sp/hard/libgcc.a(_arm_addsubdf3.o)
 .ARM.attributes
                0x000000000000053c       0x22 /opt/st/stm32cubeide_1.1.0/plugins/com.st.stm32cube.ide.mcu.externaltools.gnu-tools-for-stm32.7-2018-q2-update.linux64_1.0.0.201904181610/tools/bin/../lib/gcc/arm-none-eabi/7.3.1/thumb/v7e-m/fpv4-sp/hard/libgcc.a(_arm_muldivdf3.o)
 .ARM.attributes
                0x000000000000055e       0x22 /opt/st/stm32cubeide_1.1.0/plugins/com.st.stm32cube.ide.mcu.externaltools.gnu-tools-for-stm32.7-2018-q2-update.linux64_1.0.0.201904181610/tools/bin/../lib/gcc/arm-none-eabi/7.3.1/thumb/v7e-m/fpv4-sp/hard/libgcc.a(_arm_cmpdf2.o)
 .ARM.attributes
                0x0000000000000580       0x22 /opt/st/stm32cubeide_1.1.0/plugins/com.st.stm32cube.ide.mcu.externaltools.gnu-tools-for-stm32.7-2018-q2-update.linux64_1.0.0.201904181610/tools/bin/../lib/gcc/arm-none-eabi/7.3.1/thumb/v7e-m/fpv4-sp/hard/libgcc.a(_arm_truncdfsf2.o)
 .ARM.attributes
                0x00000000000005a2       0x22 /opt/st/stm32cubeide_1.1.0/plugins/com.st.stm32cube.ide.mcu.externaltools.gnu-tools-for-stm32.7-2018-q2-update.linux64_1.0.0.201904181610/tools/bin/../lib/gcc/arm-none-eabi/7.3.1/thumb/v7e-m/fpv4-sp/hard/crtn.o
OUTPUT(PolyMidiSynth.elf elf32-littlearm)

.debug_info     0x0000000000000000     0xfb50
 .debug_info    0x0000000000000000     0x1aa9 Core/Src/main.o
 .debug_info    0x0000000000001aa9      0x3bf Core/Src/midi.o
 .debug_info    0x0000000000001e68      0x1bf Core/Src/midi_callbacks.o
 .debug_info    0x0000000000002027      0xf84 Core/Src/stm32f3xx_hal_msp.o
 .debug_info    0x0000000000002fab     0x14a1 Core/Src/stm32f3xx_it.o
 .debug_info    0x000000000000444c      0x45c Core/Src/system_stm32f3xx.o
 .debug_info    0x00000000000048a8      0xa56 Core/Src/voice.o
 .debug_info    0x00000000000052fe       0x22 Core/Startup/startup_stm32f302r8tx.o
 .debug_info    0x0000000000005320      0x782 Drivers/STM32F3xx_HAL_Driver/Src/stm32f3xx_hal.o
 .debug_info    0x0000000000005aa2      0xb7e Drivers/STM32F3xx_HAL_Driver/Src/stm32f3xx_hal_cortex.o
 .debug_info    0x0000000000006620      0x8fb Drivers/STM32F3xx_HAL_Driver/Src/stm32f3xx_hal_dac.o
 .debug_info    0x0000000000006f1b      0x8a3 Drivers/STM32F3xx_HAL_Driver/Src/stm32f3xx_hal_dac_ex.o
 .debug_info    0x00000000000077be      0x7cb Drivers/STM32F3xx_HAL_Driver/Src/stm32f3xx_hal_dma.o
 .debug_info    0x0000000000007f89      0x6fc Drivers/STM32F3xx_HAL_Driver/Src/stm32f3xx_hal_gpio.o
 .debug_info    0x0000000000008685     0x180f Drivers/STM32F3xx_HAL_Driver/Src/stm32f3xx_hal_rcc.o
 .debug_info    0x0000000000009e94      0x66d Drivers/STM32F3xx_HAL_Driver/Src/stm32f3xx_hal_rcc_ex.o
 .debug_info    0x000000000000a501     0x2648 Drivers/STM32F3xx_HAL_Driver/Src/stm32f3xx_hal_tim.o
 .debug_info    0x000000000000cb49     0x11d7 Drivers/STM32F3xx_HAL_Driver/Src/stm32f3xx_hal_tim_ex.o
 .debug_info    0x000000000000dd20     0x1592 Drivers/STM32F3xx_HAL_Driver/Src/stm32f3xx_hal_uart.o
 .debug_info    0x000000000000f2b2      0x89e Drivers/STM32F3xx_HAL_Driver/Src/stm32f3xx_hal_uart_ex.o

.debug_abbrev   0x0000000000000000     0x25bb
 .debug_abbrev  0x0000000000000000      0x2dc Core/Src/main.o
 .debug_abbrev  0x00000000000002dc      0x1d3 Core/Src/midi.o
 .debug_abbrev  0x00000000000004af       0xff Core/Src/midi_callbacks.o
 .debug_abbrev  0x00000000000005ae      0x1a6 Core/Src/stm32f3xx_hal_msp.o
 .debug_abbrev  0x0000000000000754      0x26b Core/Src/stm32f3xx_it.o
 .debug_abbrev  0x00000000000009bf      0x12b Core/Src/system_stm32f3xx.o
 .debug_abbrev  0x0000000000000aea      0x211 Core/Src/voice.o
 .debug_abbrev  0x0000000000000cfb       0x12 Core/Startup/startup_stm32f302r8tx.o
 .debug_abbrev  0x0000000000000d0d      0x1c7 Drivers/STM32F3xx_HAL_Driver/Src/stm32f3xx_hal.o
 .debug_abbrev  0x0000000000000ed4      0x2d5 Drivers/STM32F3xx_HAL_Driver/Src/stm32f3xx_hal_cortex.o
 .debug_abbrev  0x00000000000011a9      0x1a3 Drivers/STM32F3xx_HAL_Driver/Src/stm32f3xx_hal_dac.o
 .debug_abbrev  0x000000000000134c      0x1e8 Drivers/STM32F3xx_HAL_Driver/Src/stm32f3xx_hal_dac_ex.o
 .debug_abbrev  0x0000000000001534      0x1fe Drivers/STM32F3xx_HAL_Driver/Src/stm32f3xx_hal_dma.o
 .debug_abbrev  0x0000000000001732      0x1c0 Drivers/STM32F3xx_HAL_Driver/Src/stm32f3xx_hal_gpio.o
 .debug_abbrev  0x00000000000018f2      0x28c Drivers/STM32F3xx_HAL_Driver/Src/stm32f3xx_hal_rcc.o
 .debug_abbrev  0x0000000000001b7e      0x208 Drivers/STM32F3xx_HAL_Driver/Src/stm32f3xx_hal_rcc_ex.o
 .debug_abbrev  0x0000000000001d86      0x230 Drivers/STM32F3xx_HAL_Driver/Src/stm32f3xx_hal_tim.o
 .debug_abbrev  0x0000000000001fb6      0x21e Drivers/STM32F3xx_HAL_Driver/Src/stm32f3xx_hal_tim_ex.o
 .debug_abbrev  0x00000000000021d4      0x205 Drivers/STM32F3xx_HAL_Driver/Src/stm32f3xx_hal_uart.o
 .debug_abbrev  0x00000000000023d9      0x1e2 Drivers/STM32F3xx_HAL_Driver/Src/stm32f3xx_hal_uart_ex.o

.debug_aranges  0x0000000000000000      0xe50
 .debug_aranges
                0x0000000000000000       0x58 Core/Src/main.o
 .debug_aranges
                0x0000000000000058       0x60 Core/Src/midi.o
 .debug_aranges
                0x00000000000000b8       0x28 Core/Src/midi_callbacks.o
 .debug_aranges
                0x00000000000000e0       0x50 Core/Src/stm32f3xx_hal_msp.o
 .debug_aranges
                0x0000000000000130       0x70 Core/Src/stm32f3xx_it.o
 .debug_aranges
                0x00000000000001a0       0x28 Core/Src/system_stm32f3xx.o
 .debug_aranges
                0x00000000000001c8       0x38 Core/Src/voice.o
 .debug_aranges
                0x0000000000000200       0x28 Core/Startup/startup_stm32f302r8tx.o
 .debug_aranges
                0x0000000000000228       0xe0 Drivers/STM32F3xx_HAL_Driver/Src/stm32f3xx_hal.o
 .debug_aranges
                0x0000000000000308      0x100 Drivers/STM32F3xx_HAL_Driver/Src/stm32f3xx_hal_cortex.o
 .debug_aranges
                0x0000000000000408       0xa8 Drivers/STM32F3xx_HAL_Driver/Src/stm32f3xx_hal_dac.o
 .debug_aranges
                0x00000000000004b0       0x78 Drivers/STM32F3xx_HAL_Driver/Src/stm32f3xx_hal_dac_ex.o
 .debug_aranges
                0x0000000000000528       0x88 Drivers/STM32F3xx_HAL_Driver/Src/stm32f3xx_hal_dma.o
 .debug_aranges
                0x00000000000005b0       0x58 Drivers/STM32F3xx_HAL_Driver/Src/stm32f3xx_hal_gpio.o
 .debug_aranges
                0x0000000000000608       0x88 Drivers/STM32F3xx_HAL_Driver/Src/stm32f3xx_hal_rcc.o
 .debug_aranges
                0x0000000000000690       0x38 Drivers/STM32F3xx_HAL_Driver/Src/stm32f3xx_hal_rcc_ex.o
 .debug_aranges
                0x00000000000006c8      0x3c8 Drivers/STM32F3xx_HAL_Driver/Src/stm32f3xx_hal_tim.o
 .debug_aranges
                0x0000000000000a90      0x160 Drivers/STM32F3xx_HAL_Driver/Src/stm32f3xx_hal_tim_ex.o
 .debug_aranges
                0x0000000000000bf0      0x210 Drivers/STM32F3xx_HAL_Driver/Src/stm32f3xx_hal_uart.o
 .debug_aranges
                0x0000000000000e00       0x50 Drivers/STM32F3xx_HAL_Driver/Src/stm32f3xx_hal_uart_ex.o

.debug_ranges   0x0000000000000000      0xd18
 .debug_ranges  0x0000000000000000       0x48 Core/Src/main.o
 .debug_ranges  0x0000000000000048       0x50 Core/Src/midi.o
 .debug_ranges  0x0000000000000098       0x18 Core/Src/midi_callbacks.o
 .debug_ranges  0x00000000000000b0       0x40 Core/Src/stm32f3xx_hal_msp.o
 .debug_ranges  0x00000000000000f0       0x60 Core/Src/stm32f3xx_it.o
 .debug_ranges  0x0000000000000150       0x18 Core/Src/system_stm32f3xx.o
 .debug_ranges  0x0000000000000168       0x28 Core/Src/voice.o
 .debug_ranges  0x0000000000000190       0x20 Core/Startup/startup_stm32f302r8tx.o
 .debug_ranges  0x00000000000001b0       0xd0 Drivers/STM32F3xx_HAL_Driver/Src/stm32f3xx_hal.o
 .debug_ranges  0x0000000000000280       0xf0 Drivers/STM32F3xx_HAL_Driver/Src/stm32f3xx_hal_cortex.o
 .debug_ranges  0x0000000000000370       0x98 Drivers/STM32F3xx_HAL_Driver/Src/stm32f3xx_hal_dac.o
 .debug_ranges  0x0000000000000408       0x68 Drivers/STM32F3xx_HAL_Driver/Src/stm32f3xx_hal_dac_ex.o
 .debug_ranges  0x0000000000000470       0x78 Drivers/STM32F3xx_HAL_Driver/Src/stm32f3xx_hal_dma.o
 .debug_ranges  0x00000000000004e8       0x48 Drivers/STM32F3xx_HAL_Driver/Src/stm32f3xx_hal_gpio.o
 .debug_ranges  0x0000000000000530       0x78 Drivers/STM32F3xx_HAL_Driver/Src/stm32f3xx_hal_rcc.o
 .debug_ranges  0x00000000000005a8       0x28 Drivers/STM32F3xx_HAL_Driver/Src/stm32f3xx_hal_rcc_ex.o
 .debug_ranges  0x00000000000005d0      0x3b8 Drivers/STM32F3xx_HAL_Driver/Src/stm32f3xx_hal_tim.o
 .debug_ranges  0x0000000000000988      0x150 Drivers/STM32F3xx_HAL_Driver/Src/stm32f3xx_hal_tim_ex.o
 .debug_ranges  0x0000000000000ad8      0x200 Drivers/STM32F3xx_HAL_Driver/Src/stm32f3xx_hal_uart.o
 .debug_ranges  0x0000000000000cd8       0x40 Drivers/STM32F3xx_HAL_Driver/Src/stm32f3xx_hal_uart_ex.o

.debug_macro    0x0000000000000000    0x18b82
 .debug_macro   0x0000000000000000      0x2a0 Core/Src/main.o
 .debug_macro   0x00000000000002a0      0xa5a Core/Src/main.o
 .debug_macro   0x0000000000000cfa      0x15d Core/Src/main.o
 .debug_macro   0x0000000000000e57       0x2e Core/Src/main.o
 .debug_macro   0x0000000000000e85       0x28 Core/Src/main.o
 .debug_macro   0x0000000000000ead       0x22 Core/Src/main.o
 .debug_macro   0x0000000000000ecf       0x8e Core/Src/main.o
 .debug_macro   0x0000000000000f5d       0x51 Core/Src/main.o
 .debug_macro   0x0000000000000fae       0xef Core/Src/main.o
 .debug_macro   0x000000000000109d       0x6a Core/Src/main.o
 .debug_macro   0x0000000000001107      0x1df Core/Src/main.o
 .debug_macro   0x00000000000012e6       0x1c Core/Src/main.o
 .debug_macro   0x0000000000001302       0x22 Core/Src/main.o
 .debug_macro   0x0000000000001324       0xdf Core/Src/main.o
 .debug_macro   0x0000000000001403      0xf07 Core/Src/main.o
 .debug_macro   0x000000000000230a    0x110e1 Core/Src/main.o
 .debug_macro   0x00000000000133eb       0x43 Core/Src/main.o
 .debug_macro   0x000000000001342e      0x174 Core/Src/main.o
 .debug_macro   0x00000000000135a2       0x53 Core/Src/main.o
 .debug_macro   0x00000000000135f5      0x8f9 Core/Src/main.o
 .debug_macro   0x0000000000013eee      0x41b Core/Src/main.o
 .debug_macro   0x0000000000014309      0x12f Core/Src/main.o
 .debug_macro   0x0000000000014438      0x161 Core/Src/main.o
 .debug_macro   0x0000000000014599      0x1d5 Core/Src/main.o
 .debug_macro   0x000000000001476e      0x1bc Core/Src/main.o
 .debug_macro   0x000000000001492a       0x34 Core/Src/main.o
 .debug_macro   0x000000000001495e       0x3c Core/Src/main.o
 .debug_macro   0x000000000001499a       0x57 Core/Src/main.o
 .debug_macro   0x00000000000149f1      0x176 Core/Src/main.o
 .debug_macro   0x0000000000014b67       0x4e Core/Src/main.o
 .debug_macro   0x0000000000014bb5       0xc5 Core/Src/main.o
 .debug_macro   0x0000000000014c7a      0x19f Core/Src/main.o
 .debug_macro   0x0000000000014e19      0x22c Core/Src/main.o
 .debug_macro   0x0000000000015045       0x58 Core/Src/main.o
 .debug_macro   0x000000000001509d       0xa5 Core/Src/main.o
 .debug_macro   0x0000000000015142       0x81 Core/Src/main.o
 .debug_macro   0x00000000000151c3       0xd3 Core/Src/main.o
 .debug_macro   0x0000000000015296      0x9e9 Core/Src/main.o
 .debug_macro   0x0000000000015c7f       0x41 Core/Src/main.o
 .debug_macro   0x0000000000015cc0      0x589 Core/Src/main.o
 .debug_macro   0x0000000000016249       0x44 Core/Src/main.o
 .debug_macro   0x000000000001628d      0x1f7 Core/Src/main.o
 .debug_macro   0x0000000000016484       0x10 Core/Src/main.o
 .debug_macro   0x0000000000016494       0x46 Core/Src/main.o
 .debug_macro   0x00000000000164da       0x18 Core/Src/main.o
 .debug_macro   0x00000000000164f2       0x3c Core/Src/main.o
 .debug_macro   0x000000000001652e       0x34 Core/Src/main.o
 .debug_macro   0x0000000000016562       0x52 Core/Src/main.o
 .debug_macro   0x00000000000165b4       0x1f Core/Src/main.o
 .debug_macro   0x00000000000165d3       0x43 Core/Src/main.o
 .debug_macro   0x0000000000016616       0x20 Core/Src/main.o
 .debug_macro   0x0000000000016636      0x1a3 Core/Src/main.o
 .debug_macro   0x00000000000167d9      0x32a Core/Src/main.o
 .debug_macro   0x0000000000016b03      0x1e1 Core/Src/main.o
 .debug_macro   0x0000000000016ce4       0x2e Core/Src/main.o
 .debug_macro   0x0000000000016d12       0x10 Core/Src/main.o
 .debug_macro   0x0000000000016d22       0x92 Core/Src/midi.o
 .debug_macro   0x0000000000016db4       0x24 Core/Src/midi_callbacks.o
 .debug_macro   0x0000000000016dd8      0x1e0 Core/Src/stm32f3xx_hal_msp.o
 .debug_macro   0x0000000000016fb8      0x291 Core/Src/stm32f3xx_it.o
 .debug_macro   0x0000000000017249      0x1d7 Core/Src/system_stm32f3xx.o
 .debug_macro   0x0000000000017420       0xe7 Core/Src/voice.o
 .debug_macro   0x0000000000017507       0x10 Core/Src/voice.o
 .debug_macro   0x0000000000017517      0x1f5 Drivers/STM32F3xx_HAL_Driver/Src/stm32f3xx_hal.o
 .debug_macro   0x000000000001770c      0x1d1 Drivers/STM32F3xx_HAL_Driver/Src/stm32f3xx_hal_cortex.o
 .debug_macro   0x00000000000178dd      0x1d2 Drivers/STM32F3xx_HAL_Driver/Src/stm32f3xx_hal_dac.o
 .debug_macro   0x0000000000017aaf      0x1d1 Drivers/STM32F3xx_HAL_Driver/Src/stm32f3xx_hal_dac_ex.o
 .debug_macro   0x0000000000017c80      0x1d1 Drivers/STM32F3xx_HAL_Driver/Src/stm32f3xx_hal_dma.o
 .debug_macro   0x0000000000017e51      0x209 Drivers/STM32F3xx_HAL_Driver/Src/stm32f3xx_hal_gpio.o
 .debug_macro   0x000000000001805a      0x1f5 Drivers/STM32F3xx_HAL_Driver/Src/stm32f3xx_hal_rcc.o
 .debug_macro   0x000000000001824f      0x1d1 Drivers/STM32F3xx_HAL_Driver/Src/stm32f3xx_hal_rcc_ex.o
 .debug_macro   0x0000000000018420      0x1d2 Drivers/STM32F3xx_HAL_Driver/Src/stm32f3xx_hal_tim.o
 .debug_macro   0x00000000000185f2      0x1d1 Drivers/STM32F3xx_HAL_Driver/Src/stm32f3xx_hal_tim_ex.o
 .debug_macro   0x00000000000187c3      0x1ee Drivers/STM32F3xx_HAL_Driver/Src/stm32f3xx_hal_uart.o
 .debug_macro   0x00000000000189b1      0x1d1 Drivers/STM32F3xx_HAL_Driver/Src/stm32f3xx_hal_uart_ex.o

.debug_line     0x0000000000000000     0xb234
 .debug_line    0x0000000000000000      0x8cc Core/Src/main.o
 .debug_line    0x00000000000008cc      0x171 Core/Src/midi.o
 .debug_line    0x0000000000000a3d       0xb0 Core/Src/midi_callbacks.o
 .debug_line    0x0000000000000aed      0x731 Core/Src/stm32f3xx_hal_msp.o
 .debug_line    0x000000000000121e      0x8ce Core/Src/stm32f3xx_it.o
 .debug_line    0x0000000000001aec      0x6c7 Core/Src/system_stm32f3xx.o
 .debug_line    0x00000000000021b3      0x4fd Core/Src/voice.o
 .debug_line    0x00000000000026b0       0x85 Core/Startup/startup_stm32f302r8tx.o
 .debug_line    0x0000000000002735      0x884 Drivers/STM32F3xx_HAL_Driver/Src/stm32f3xx_hal.o
 .debug_line    0x0000000000002fb9      0x95b Drivers/STM32F3xx_HAL_Driver/Src/stm32f3xx_hal_cortex.o
 .debug_line    0x0000000000003914      0x80a Drivers/STM32F3xx_HAL_Driver/Src/stm32f3xx_hal_dac.o
 .debug_line    0x000000000000411e      0x883 Drivers/STM32F3xx_HAL_Driver/Src/stm32f3xx_hal_dac_ex.o
 .debug_line    0x00000000000049a1      0x8bd Drivers/STM32F3xx_HAL_Driver/Src/stm32f3xx_hal_dma.o
 .debug_line    0x000000000000525e      0x825 Drivers/STM32F3xx_HAL_Driver/Src/stm32f3xx_hal_gpio.o
 .debug_line    0x0000000000005a83      0xdfc Drivers/STM32F3xx_HAL_Driver/Src/stm32f3xx_hal_rcc.o
 .debug_line    0x000000000000687f      0x8ef Drivers/STM32F3xx_HAL_Driver/Src/stm32f3xx_hal_rcc_ex.o
 .debug_line    0x000000000000716e     0x1aa1 Drivers/STM32F3xx_HAL_Driver/Src/stm32f3xx_hal_tim.o
 .debug_line    0x0000000000008c0f      0xd2d Drivers/STM32F3xx_HAL_Driver/Src/stm32f3xx_hal_tim_ex.o
 .debug_line    0x000000000000993c     0x1156 Drivers/STM32F3xx_HAL_Driver/Src/stm32f3xx_hal_uart.o
 .debug_line    0x000000000000aa92      0x7a2 Drivers/STM32F3xx_HAL_Driver/Src/stm32f3xx_hal_uart_ex.o

.debug_str      0x0000000000000000    0x8db71
 .debug_str     0x0000000000000000    0x8a210 Core/Src/main.o
                                      0x8a572 (size before relaxing)
 .debug_str     0x000000000008a210      0x576 Core/Src/midi.o
                                       0x345e (size before relaxing)
 .debug_str     0x000000000008a786       0x49 Core/Src/midi_callbacks.o
                                       0x2e69 (size before relaxing)
 .debug_str     0x000000000008a7cf      0x317 Core/Src/stm32f3xx_hal_msp.o
                                      0x86aa7 (size before relaxing)
 .debug_str     0x000000000008aae6       0xf5 Core/Src/stm32f3xx_it.o
                                      0x89f88 (size before relaxing)
 .debug_str     0x000000000008abdb       0xc7 Core/Src/system_stm32f3xx.o
                                      0x85fcb (size before relaxing)
 .debug_str     0x000000000008aca2       0x9d Core/Src/voice.o
                                       0x6d2e (size before relaxing)
 .debug_str     0x000000000008ad3f       0x36 Core/Startup/startup_stm32f302r8tx.o
                                         0x73 (size before relaxing)
 .debug_str     0x000000000008ad75      0x3d9 Drivers/STM32F3xx_HAL_Driver/Src/stm32f3xx_hal.o
                                      0x8666f (size before relaxing)
 .debug_str     0x000000000008b14e      0x2b4 Drivers/STM32F3xx_HAL_Driver/Src/stm32f3xx_hal_cortex.o
                                      0x86650 (size before relaxing)
 .debug_str     0x000000000008b402      0x17c Drivers/STM32F3xx_HAL_Driver/Src/stm32f3xx_hal_dac.o
                                      0x863f7 (size before relaxing)
 .debug_str     0x000000000008b57e       0xf5 Drivers/STM32F3xx_HAL_Driver/Src/stm32f3xx_hal_dac_ex.o
                                      0x863ab (size before relaxing)
 .debug_str     0x000000000008b673      0x248 Drivers/STM32F3xx_HAL_Driver/Src/stm32f3xx_hal_dma.o
                                      0x86331 (size before relaxing)
 .debug_str     0x000000000008b8bb      0x224 Drivers/STM32F3xx_HAL_Driver/Src/stm32f3xx_hal_gpio.o
                                      0x86226 (size before relaxing)
 .debug_str     0x000000000008badf      0x313 Drivers/STM32F3xx_HAL_Driver/Src/stm32f3xx_hal_rcc.o
                                      0x86425 (size before relaxing)
 .debug_str     0x000000000008bdf2       0xce Drivers/STM32F3xx_HAL_Driver/Src/stm32f3xx_hal_rcc_ex.o
                                      0x861be (size before relaxing)
 .debug_str     0x000000000008bec0      0xdd9 Drivers/STM32F3xx_HAL_Driver/Src/stm32f3xx_hal_tim.o
                                      0x871b8 (size before relaxing)
 .debug_str     0x000000000008cc99      0x591 Drivers/STM32F3xx_HAL_Driver/Src/stm32f3xx_hal_tim_ex.o
                                      0x869bf (size before relaxing)
 .debug_str     0x000000000008d22a      0x7e7 Drivers/STM32F3xx_HAL_Driver/Src/stm32f3xx_hal_uart.o
                                      0x86b85 (size before relaxing)
 .debug_str     0x000000000008da11      0x160 Drivers/STM32F3xx_HAL_Driver/Src/stm32f3xx_hal_uart_ex.o
                                      0x8644d (size before relaxing)

.comment        0x0000000000000000       0x7b
 .comment       0x0000000000000000       0x7b Core/Src/main.o
                                         0x7c (size before relaxing)
 .comment       0x000000000000007b       0x7c Core/Src/midi.o
 .comment       0x000000000000007b       0x7c Core/Src/midi_callbacks.o
 .comment       0x000000000000007b       0x7c Core/Src/stm32f3xx_hal_msp.o
 .comment       0x000000000000007b       0x7c Core/Src/stm32f3xx_it.o
 .comment       0x000000000000007b       0x7c Core/Src/system_stm32f3xx.o
 .comment       0x000000000000007b       0x7c Core/Src/voice.o
 .comment       0x000000000000007b       0x7c Drivers/STM32F3xx_HAL_Driver/Src/stm32f3xx_hal.o
 .comment       0x000000000000007b       0x7c Drivers/STM32F3xx_HAL_Driver/Src/stm32f3xx_hal_cortex.o
 .comment       0x000000000000007b       0x7c Drivers/STM32F3xx_HAL_Driver/Src/stm32f3xx_hal_dac.o
 .comment       0x000000000000007b       0x7c Drivers/STM32F3xx_HAL_Driver/Src/stm32f3xx_hal_dac_ex.o
 .comment       0x000000000000007b       0x7c Drivers/STM32F3xx_HAL_Driver/Src/stm32f3xx_hal_dma.o
 .comment       0x000000000000007b       0x7c Drivers/STM32F3xx_HAL_Driver/Src/stm32f3xx_hal_gpio.o
 .comment       0x000000000000007b       0x7c Drivers/STM32F3xx_HAL_Driver/Src/stm32f3xx_hal_rcc.o
 .comment       0x000000000000007b       0x7c Drivers/STM32F3xx_HAL_Driver/Src/stm32f3xx_hal_rcc_ex.o
 .comment       0x000000000000007b       0x7c Drivers/STM32F3xx_HAL_Driver/Src/stm32f3xx_hal_tim.o
 .comment       0x000000000000007b       0x7c Drivers/STM32F3xx_HAL_Driver/Src/stm32f3xx_hal_tim_ex.o
 .comment       0x000000000000007b       0x7c Drivers/STM32F3xx_HAL_Driver/Src/stm32f3xx_hal_uart.o
 .comment       0x000000000000007b       0x7c Drivers/STM32F3xx_HAL_Driver/Src/stm32f3xx_hal_uart_ex.o

.debug_frame    0x0000000000000000     0x3cec
 .debug_frame   0x0000000000000000      0x120 Core/Src/main.o
 .debug_frame   0x0000000000000120      0x168 Core/Src/midi.o
 .debug_frame   0x0000000000000288       0x5c Core/Src/midi_callbacks.o
 .debug_frame   0x00000000000002e4      0x110 Core/Src/stm32f3xx_hal_msp.o
 .debug_frame   0x00000000000003f4      0x14c Core/Src/stm32f3xx_it.o
 .debug_frame   0x0000000000000540       0x58 Core/Src/system_stm32f3xx.o
 .debug_frame   0x0000000000000598       0xb0 Core/Src/voice.o
 .debug_frame   0x0000000000000648      0x334 Drivers/STM32F3xx_HAL_Driver/Src/stm32f3xx_hal.o
 .debug_frame   0x000000000000097c      0x428 Drivers/STM32F3xx_HAL_Driver/Src/stm32f3xx_hal_cortex.o
 .debug_frame   0x0000000000000da4      0x2d4 Drivers/STM32F3xx_HAL_Driver/Src/stm32f3xx_hal_dac.o
 .debug_frame   0x0000000000001078      0x1dc Drivers/STM32F3xx_HAL_Driver/Src/stm32f3xx_hal_dac_ex.o
 .debug_frame   0x0000000000001254      0x224 Drivers/STM32F3xx_HAL_Driver/Src/stm32f3xx_hal_dma.o
 .debug_frame   0x0000000000001478      0x14c Drivers/STM32F3xx_HAL_Driver/Src/stm32f3xx_hal_gpio.o
 .debug_frame   0x00000000000015c4      0x214 Drivers/STM32F3xx_HAL_Driver/Src/stm32f3xx_hal_rcc.o
 .debug_frame   0x00000000000017d8       0xb4 Drivers/STM32F3xx_HAL_Driver/Src/stm32f3xx_hal_rcc_ex.o
 .debug_frame   0x000000000000188c     0x1190 Drivers/STM32F3xx_HAL_Driver/Src/stm32f3xx_hal_tim.o
 .debug_frame   0x0000000000002a1c      0x610 Drivers/STM32F3xx_HAL_Driver/Src/stm32f3xx_hal_tim_ex.o
 .debug_frame   0x000000000000302c      0x970 Drivers/STM32F3xx_HAL_Driver/Src/stm32f3xx_hal_uart.o
 .debug_frame   0x000000000000399c      0x120 Drivers/STM32F3xx_HAL_Driver/Src/stm32f3xx_hal_uart_ex.o
 .debug_frame   0x0000000000003abc       0x2c /opt/st/stm32cubeide_1.1.0/plugins/com.st.stm32cube.ide.mcu.externaltools.gnu-tools-for-stm32.7-2018-q2-update.linux64_1.0.0.201904181610/tools/bin/../lib/gcc/arm-none-eabi/7.3.1/../../../../arm-none-eabi/lib/thumb/v7e-m/fpv4-sp/hard/libc_nano.a(lib_a-init.o)
 .debug_frame   0x0000000000003ae8       0x20 /opt/st/stm32cubeide_1.1.0/plugins/com.st.stm32cube.ide.mcu.externaltools.gnu-tools-for-stm32.7-2018-q2-update.linux64_1.0.0.201904181610/tools/bin/../lib/gcc/arm-none-eabi/7.3.1/../../../../arm-none-eabi/lib/thumb/v7e-m/fpv4-sp/hard/libc_nano.a(lib_a-memset.o)
 .debug_frame   0x0000000000003b08       0xac /opt/st/stm32cubeide_1.1.0/plugins/com.st.stm32cube.ide.mcu.externaltools.gnu-tools-for-stm32.7-2018-q2-update.linux64_1.0.0.201904181610/tools/bin/../lib/gcc/arm-none-eabi/7.3.1/thumb/v7e-m/fpv4-sp/hard/libgcc.a(_arm_addsubdf3.o)
 .debug_frame   0x0000000000003bb4       0x50 /opt/st/stm32cubeide_1.1.0/plugins/com.st.stm32cube.ide.mcu.externaltools.gnu-tools-for-stm32.7-2018-q2-update.linux64_1.0.0.201904181610/tools/bin/../lib/gcc/arm-none-eabi/7.3.1/thumb/v7e-m/fpv4-sp/hard/libgcc.a(_arm_muldivdf3.o)
 .debug_frame   0x0000000000003c04       0xc4 /opt/st/stm32cubeide_1.1.0/plugins/com.st.stm32cube.ide.mcu.externaltools.gnu-tools-for-stm32.7-2018-q2-update.linux64_1.0.0.201904181610/tools/bin/../lib/gcc/arm-none-eabi/7.3.1/thumb/v7e-m/fpv4-sp/hard/libgcc.a(_arm_cmpdf2.o)
 .debug_frame   0x0000000000003cc8       0x24 /opt/st/stm32cubeide_1.1.0/plugins/com.st.stm32cube.ide.mcu.externaltools.gnu-tools-for-stm32.7-2018-q2-update.linux64_1.0.0.201904181610/tools/bin/../lib/gcc/arm-none-eabi/7.3.1/thumb/v7e-m/fpv4-sp/hard/libgcc.a(_arm_truncdfsf2.o)
